Component: ARM Compiler 5.06 update 6 (build 750) Tool: armlink [4d35ed]

==============================================================================

Section Cross References

    startup_stm32f407xx.o(RESET) refers to startup_stm32f407xx.o(STACK) for __initial_sp
    startup_stm32f407xx.o(RESET) refers to startup_stm32f407xx.o(.text) for Reset_Handler
    startup_stm32f407xx.o(RESET) refers to stm32f4xx_it.o(i.SVC_Handler) for SVC_Handler
    startup_stm32f407xx.o(RESET) refers to stm32f4xx_it.o(i.PendSV_Handler) for PendSV_Handler
    startup_stm32f407xx.o(RESET) refers to stm32f4xx_it.o(i.SysTick_Handler) for SysTick_Handler
    startup_stm32f407xx.o(RESET) refers to stm32f4xx_it.o(i.RCC_IRQHandler) for RCC_IRQHandler
    startup_stm32f407xx.o(RESET) refers to stm32f4xx_it.o(i.EXTI0_IRQHandler) for EXTI0_IRQHandler
    startup_stm32f407xx.o(RESET) refers to stm32f4xx_it.o(i.SPI1_IRQHandler) for SPI1_IRQHandler
    startup_stm32f407xx.o(RESET) refers to stm32f4xx_it.o(i.EXTI15_10_IRQHandler) for EXTI15_10_IRQHandler
    startup_stm32f407xx.o(.text) refers to system_stm32f4xx.o(i.SystemInit) for SystemInit
    startup_stm32f407xx.o(.text) refers to entry.o(.ARM.Collect$$$$00000000) for __main
    tdc1011.o(i.CheckRegister) refers to tdc1011.o(i.ReceiveData) for ReceiveData
    tdc1011.o(i.CheckRegister) refers to printf5.o(i.__0printf$5) for __2printf
    tdc1011.o(i.ReceiveData) refers to stm32f4xx_hal_gpio.o(i.HAL_GPIO_WritePin) for HAL_GPIO_WritePin
    tdc1011.o(i.ReceiveData) refers to stm32f4xx_hal_spi.o(i.HAL_SPI_Transmit) for HAL_SPI_Transmit
    tdc1011.o(i.ReceiveData) refers to stm32f4xx_hal_spi.o(i.HAL_SPI_Receive) for HAL_SPI_Receive
    tdc1011.o(i.SPI_Transmit) refers to stm32f4xx_hal_gpio.o(i.HAL_GPIO_WritePin) for HAL_GPIO_WritePin
    tdc1011.o(i.SPI_Transmit) refers to stm32f4xx_hal_spi.o(i.HAL_SPI_Transmit) for HAL_SPI_Transmit
    tdc1011.o(i.SendData) refers to tdc1011.o(i.SPI_Transmit) for SPI_Transmit
    tdc1011.o(i.TDC1011_Config) refers to printf5.o(i.__0printf$5) for __2printf
    tdc1011.o(i.TDC1011_Config) refers to stm32f4xx_hal.o(i.HAL_GetTick) for HAL_GetTick
    tdc1011.o(i.TDC1011_Config) refers to stm32f4xx_hal_spi.o(i.HAL_SPI_GetState) for HAL_SPI_GetState
    tdc1011.o(i.TDC1011_Config) refers to tdc1011.o(i.SendData) for SendData
    tdc1011.o(i.TDC1011_Config) refers to tdc1011.o(i.CheckRegister) for CheckRegister
    main.o(i.MX_GPIO_Init) refers to stm32f4xx_hal_gpio.o(i.HAL_GPIO_WritePin) for HAL_GPIO_WritePin
    main.o(i.MX_GPIO_Init) refers to stm32f4xx_hal_gpio.o(i.HAL_GPIO_Init) for HAL_GPIO_Init
    main.o(i.MX_GPIO_Init) refers to stm32f4xx_hal_cortex.o(i.HAL_NVIC_SetPriority) for HAL_NVIC_SetPriority
    main.o(i.MX_GPIO_Init) refers to stm32f4xx_hal_cortex.o(i.HAL_NVIC_EnableIRQ) for HAL_NVIC_EnableIRQ
    main.o(i.MX_SPI1_Init) refers to stm32f4xx_hal_spi.o(i.HAL_SPI_Init) for HAL_SPI_Init
    main.o(i.MX_SPI1_Init) refers to main.o(.bss) for .bss
    main.o(i.SystemClock_Config) refers to stm32f4xx_hal_rcc.o(i.HAL_RCC_OscConfig) for HAL_RCC_OscConfig
    main.o(i.SystemClock_Config) refers to stm32f4xx_hal_rcc.o(i.HAL_RCC_ClockConfig) for HAL_RCC_ClockConfig
    main.o(i.SystemClock_Config) refers to stm32f4xx_hal_rcc.o(i.HAL_RCC_GetHCLKFreq) for HAL_RCC_GetHCLKFreq
    main.o(i.SystemClock_Config) refers to stm32f4xx_hal_cortex.o(i.HAL_SYSTICK_Config) for HAL_SYSTICK_Config
    main.o(i.SystemClock_Config) refers to stm32f4xx_hal_cortex.o(i.HAL_SYSTICK_CLKSourceConfig) for HAL_SYSTICK_CLKSourceConfig
    main.o(i.SystemClock_Config) refers to stm32f4xx_hal_cortex.o(i.HAL_NVIC_SetPriority) for HAL_NVIC_SetPriority
    main.o(i.fputc) refers to stm32f4xx_hal_uart.o(i.HAL_UART_Transmit) for HAL_UART_Transmit
    main.o(i.fputc) refers to main.o(.bss) for .bss
    main.o(i.main) refers to stm32f4xx_hal.o(i.HAL_Init) for HAL_Init
    main.o(i.main) refers to main.o(i.SystemClock_Config) for SystemClock_Config
    main.o(i.main) refers to main.o(i.MX_GPIO_Init) for MX_GPIO_Init
    main.o(i.main) refers to main.o(i.MX_SPI1_Init) for MX_SPI1_Init
    main.o(i.main) refers to stm32f4xx_hal_uart.o(i.HAL_UART_Init) for HAL_UART_Init
    main.o(i.main) refers to tdc1011.o(i.TDC1011_Config) for TDC1011_Config
    main.o(i.main) refers to stm32f4xx_hal_gpio.o(i.HAL_GPIO_TogglePin) for HAL_GPIO_TogglePin
    main.o(i.main) refers to stm32f4xx_hal.o(i.HAL_Delay) for HAL_Delay
    main.o(i.main) refers to main.o(.bss) for .bss
    stm32f4xx_it.o(i.EXTI0_IRQHandler) refers to stm32f4xx_hal_gpio.o(i.HAL_GPIO_EXTI_IRQHandler) for HAL_GPIO_EXTI_IRQHandler
    stm32f4xx_it.o(i.EXTI15_10_IRQHandler) refers to stm32f4xx_hal_gpio.o(i.HAL_GPIO_EXTI_IRQHandler) for HAL_GPIO_EXTI_IRQHandler
    stm32f4xx_it.o(i.SPI1_IRQHandler) refers to stm32f4xx_hal_spi.o(i.HAL_SPI_IRQHandler) for HAL_SPI_IRQHandler
    stm32f4xx_it.o(i.SPI1_IRQHandler) refers to main.o(.bss) for hspi1
    stm32f4xx_it.o(i.SysTick_Handler) refers to stm32f4xx_hal.o(i.HAL_IncTick) for HAL_IncTick
[...]
    printf0.o(i.__0snprintf$0) refers to printf0.o(i._snputc) for _snputc
    printf0.o(i.__0sprintf$0) refers to printf0.o(i._printf_core) for _printf_core
    printf0.o(i.__0sprintf$0) refers to printf0.o(i._sputc) for _sputc
    printf0.o(i.__0vfprintf$0) refers to printf0.o(i._printf_core) for _printf_core
    printf0.o(i.__0vfprintf$0) refers to main.o(i.fputc) for fputc
    printf0.o(i.__0vprintf$0) refers to printf0.o(i._printf_core) for _printf_core
    printf0.o(i.__0vprintf$0) refers to main.o(i.fputc) for fputc
    printf0.o(i.__0vprintf$0) refers to stdout.o(.data) for __stdout
    printf0.o(i.__0vsnprintf$0) refers to printf0.o(i._printf_core) for _printf_core
    printf0.o(i.__0vsnprintf$0) refers to printf0.o(i._snputc) for _snputc
    printf0.o(i.__0vsprintf$0) refers to printf0.o(i._printf_core) for _printf_core
    printf0.o(i.__0vsprintf$0) refers to printf0.o(i._sputc) for _sputc
    printf1.o(i.__0fprintf$1) refers to printf1.o(i._printf_core) for _printf_core
    printf1.o(i.__0fprintf$1) refers to main.o(i.fputc) for fputc
    printf1.o(i.__0printf$1) refers to printf1.o(i._printf_core) for _printf_core
    printf1.o(i.__0printf$1) refers to main.o(i.fputc) for fputc
    printf1.o(i.__0printf$1) refers to stdout.o(.data) for __stdout
    printf1.o(i.__0snprintf$1) refers to printf1.o(i._printf_core) for _printf_core
    printf1.o(i.__0snprintf$1) refers to printf1.o(i._snputc) for _snputc
    printf1.o(i.__0sprintf$1) refers to printf1.o(i._printf_core) for _printf_core
    printf1.o(i.__0sprintf$1) refers to printf1.o(i._sputc) for _sputc
    printf1.o(i.__0vfprintf$1) refers to printf1.o(i._printf_core) for _printf_core
    printf1.o(i.__0vfprintf$1) refers to main.o(i.fputc) for fputc
    printf1.o(i.__0vprintf$1) refers to printf1.o(i._printf_core) for _printf_core
    printf1.o(i.__0vprintf$1) refers to main.o(i.fputc) for fputc
    printf1.o(i.__0vprintf$1) refers to stdout.o(.data) for __stdout
    printf1.o(i.__0vsnprintf$1) refers to printf1.o(i._printf_core) for _printf_core
    printf1.o(i.__0vsnprintf$1) refers to printf1.o(i._snputc) for _snputc
    printf1.o(i.__0vsprintf$1) refers to printf1.o(i._printf_core) for _printf_core
    printf1.o(i.__0vsprintf$1) refers to printf1.o(i._sputc) for _sputc
    printf1.o(i._printf_core) refers to uidiv.o(.text) for __aeabi_uidivmod
    printf2.o(i.__0fprintf$2) refers to printf2.o(i._printf_core) for _printf_core
    printf2.o(i.__0fprintf$2) refers to main.o(i.fputc) for fputc
    printf2.o(i.__0printf$2) refers to printf2.o(i._printf_core) for _printf_core
    printf2.o(i.__0printf$2) refers to main.o(i.fputc) for fputc
    printf2.o(i.__0printf$2) refers to stdout.o(.data) for __stdout
    printf2.o(i.__0snprintf$2) refers to printf2.o(i._printf_core) for _printf_core
    printf2.o(i.__0snprintf$2) refers to printf2.o(i._snputc) for _snputc
    printf2.o(i.__0sprintf$2) refers to printf2.o(i._printf_core) for _printf_core
    printf2.o(i.__0sprintf$2) refers to printf2.o(i._sputc) for _sputc
    printf2.o(i.__0vfprintf$2) refers to printf2.o(i._printf_core) for _printf_core
    printf2.o(i.__0vfprintf$2) refers to main.o(i.fputc) for fputc
    printf2.o(i.__0vprintf$2) refers to printf2.o(i._printf_core) for _printf_core
    printf2.o(i.__0vprintf$2) refers to main.o(i.fputc) for fputc
    printf2.o(i.__0vprintf$2) refers to stdout.o(.data) for __stdout
    printf2.o(i.__0vsnprintf$2) refers to printf2.o(i._printf_core) for _printf_core
    printf2.o(i.__0vsnprintf$2) refers to printf2.o(i._snputc) for _snputc
    printf2.o(i.__0vsprintf$2) refers to printf2.o(i._printf_core) for _printf_core
    printf2.o(i.__0vsprintf$2) refers to printf2.o(i._sputc) for _sputc
    printf3.o(i.__0fprintf$3) refers to printf3.o(i._printf_core) for _printf_core
    printf3.o(i.__0fprintf$3) refers to main.o(i.fputc) for fputc
    printf3.o(i.__0printf$3) refers to printf3.o(i._printf_core) for _printf_core
    printf3.o(i.__0printf$3) refers to main.o(i.fputc) for fputc
    printf3.o(i.__0printf$3) refers to stdout.o(.data) for __stdout
    printf3.o(i.__0snprintf$3) refers to printf3.o(i._printf_core) for _printf_core
    printf3.o(i.__0snprintf$3) refers to printf3.o(i._snputc) for _snputc
    printf3.o(i.__0sprintf$3) refers to printf3.o(i._printf_core) for _printf_core
    printf3.o(i.__0sprintf$3) refers to printf3.o(i._sputc) for _sputc
    printf3.o(i.__0vfprintf$3) refers to printf3.o(i._printf_core) for _printf_core
    printf3.o(i.__0vfprintf$3) refers to main.o(i.fputc) for fputc
    printf3.o(i.__0vprintf$3) refers to printf3.o(i._printf_core) for _printf_core
    printf3.o(i.__0vprintf$3) refers to main.o(i.fputc) for fputc
    printf3.o(i.__0vprintf$3) refers to stdout.o(.data) for __stdout
    printf3.o(i.__0vsnprintf$3) refers to printf3.o(i._printf_core) for _printf_core
    printf3.o(i.__0vsnprintf$3) refers to printf3.o(i._snputc) for _snputc
    printf3.o(i.__0vsprintf$3) refers to printf3.o(i._printf_core) for _printf_core
    printf3.o(i.__0vsprintf$3) refers to printf3.o(i._sputc) for _sputc
    printf3.o(i._printf_core) refers to uidiv.o(.text) for __aeabi_uidivmod
    printf4.o(i.__0fprintf$4) refers to printf4.o(i._printf_core) for _printf_core
    printf4.o(i.__0fprintf$4) refers to main.o(i.fputc) for fputc
    printf4.o(i.__0printf$4) refers to printf4.o(i._printf_core) for _printf_core
    printf4.o(i.__0printf$4) refers to main.o(i.fputc) for fputc
    printf4.o(i.__0printf$4) refers to stdout.o(.data) for __stdout
    printf4.o(i.__0snprintf$4) refers to printf4.o(i._printf_core) for _printf_core
    printf4.o(i.__0snprintf$4) refers to printf4.o(i._snputc) for _snputc
    printf4.o(i.__0sprintf$4) refers to printf4.o(i._printf_core) for _printf_core
    printf4.o(i.__0sprintf$4) refers to printf4.o(i._sputc) for _sputc
    printf4.o(i.__0vfprintf$4) refers to printf4.o(i._printf_core) for _printf_core
    printf4.o(i.__0vfprintf$4) refers to main.o(i.fputc) for fputc
    printf4.o(i.__0vprintf$4) refers to printf4.o(i._printf_core) for _printf_core
    printf4.o(i.__0vprintf$4) refers to main.o(i.fputc) for fputc
    printf4.o(i.__0vprintf$4) refers to stdout.o(.data) for __stdout
    printf4.o(i.__0vsnprintf$4) refers to printf4.o(i._printf_core) for _printf_core
    printf4.o(i.__0vsnprintf$4) refers to printf4.o(i._snputc) for _snputc
    printf4.o(i.__0vsprintf$4) refers to printf4.o(i._printf_core) for _printf_core
    printf4.o(i.__0vsprintf$4) refers to printf4.o(i._sputc) for _sputc
    printf4.o(i._printf_core) refers to uldiv.o(.text) for __aeabi_uldivmod
    printf5.o(i.__0fprintf$5) refers to printf5.o(i._printf_core) for _printf_core
    printf5.o(i.__0fprintf$5) refers to main.o(i.fputc) for fputc
    printf5.o(i.__0printf$5) refers to printf5.o(i._printf_core) for _printf_core
    printf5.o(i.__0printf$5) refers to main.o(i.fputc) for fputc
    printf5.o(i.__0printf$5) refers to stdout.o(.data) for __stdout
    printf5.o(i.__0snprintf$5) refers to printf5.o(i._printf_core) for _printf_core
    printf5.o(i.__0snprintf$5) refers to printf5.o(i._snputc) for _snputc
    printf5.o(i.__0sprintf$5) refers to printf5.o(i._printf_core) for _printf_core
    printf5.o(i.__0sprintf$5) refers to printf5.o(i._sputc) for _sputc
    printf5.o(i.__0vfprintf$5) refers to printf5.o(i._printf_core) for _printf_core
    printf5.o(i.__0vfprintf$5) refers to main.o(i.fputc) for fputc
    printf5.o(i.__0vprintf$5) refers to printf5.o(i._printf_core) for _printf_core
    printf5.o(i.__0vprintf$5) refers to main.o(i.fputc) for fputc
    printf5.o(i.__0vprintf$5) refers to stdout.o(.data) for __stdout
    printf5.o(i.__0vsnprintf$5) refers to printf5.o(i._printf_core) for _printf_core
    printf5.o(i.__0vsnprintf$5) refers to printf5.o(i._snputc) for _snputc
    printf5.o(i.__0vsprintf$5) refers to printf5.o(i._printf_core) for _printf_core
    printf5.o(i.__0vsprintf$5) refers to printf5.o(i._sputc) for _sputc
    printf5.o(i._printf_core) refers to uldiv.o(.text) for __aeabi_uldivmod
    printf6.o(i.__0fprintf$6) refers to printf6.o(i._printf_core) for _printf_core
    printf6.o(i.__0fprintf$6) refers to main.o(i.fputc) for fputc
    printf6.o(i.__0printf$6) refers to printf6.o(i._printf_core) for _printf_core
    printf6.o(i.__0printf$6) refers to main.o(i.fputc) for fputc
    printf6.o(i.__0printf$6) refers to stdout.o(.data) for __stdout
    printf6.o(i.__0snprintf$6) refers to printf6.o(i._printf_core) for _printf_core
    printf6.o(i.__0snprintf$6) refers to printf6.o(i._snputc) for _snputc
    printf6.o(i.__0sprintf$6) refers to printf6.o(i._printf_core) for _printf_core
    printf6.o(i.__0sprintf$6) refers to printf6.o(i._sputc) for _sputc
    printf6.o(i.__0vfprintf$6) refers to printf6.o(i._printf_core) for _printf_core
    printf6.o(i.__0vfprintf$6) refers to main.o(i.fputc) for fputc
    printf6.o(i.__0vprintf$6) refers to printf6.o(i._printf_core) for _printf_core
    printf6.o(i.__0vprintf$6) refers to main.o(i.fputc) for fputc
    printf6.o(i.__0vprintf$6) refers to stdout.o(.data) for __stdout
    printf6.o(i.__0vsnprintf$6) refers to printf6.o(i._printf_core) for _printf_core
    printf6.o(i.__0vsnprintf$6) refers to printf6.o(i._snputc) for _snputc
    printf6.o(i.__0vsprintf$6) refers to printf6.o(i._printf_core) for _printf_core
    printf6.o(i.__0vsprintf$6) refers to printf6.o(i._sputc) for _sputc
    printf6.o(i._printf_core) refers to printf6.o(i._printf_pre_padding) for _printf_pre_padding
    printf6.o(i._printf_core) refers to uidiv.o(.text) for __aeabi_uidivmod
    printf6.o(i._printf_core) refers to printf6.o(i._printf_post_padding) for _printf_post_padding
    printf7.o(i.__0fprintf$7) refers to printf7.o(i._printf_core) for _printf_core
    printf7.o(i.__0fprintf$7) refers to main.o(i.fputc) for fputc
    printf7.o(i.__0printf$7) refers to printf7.o(i._printf_core) for _printf_core
    printf7.o(i.__0printf$7) refers to main.o(i.fputc) for fputc
    printf7.o(i.__0printf$7) refers to stdout.o(.data) for __stdout
    printf7.o(i.__0snprintf$7) refers to printf7.o(i._printf_core) for _printf_core
    printf7.o(i.__0snprintf$7) refers to printf7.o(i._snputc) for _snputc
    printf7.o(i.__0sprintf$7) refers to printf7.o(i._printf_core) for _printf_core
    printf7.o(i.__0sprintf$7) refers to printf7.o(i._sputc) for _sputc
    printf7.o(i.__0vfprintf$7) refers to printf7.o(i._printf_core) for _printf_core
    printf7.o(i.__0vfprintf$7) refers to main.o(i.fputc) for fputc
    printf7.o(i.__0vprintf$7) refers to printf7.o(i._printf_core) for _printf_core
    printf7.o(i.__0vprintf$7) refers to main.o(i.fputc) for fputc
    printf7.o(i.__0vprintf$7) refers to stdout.o(.data) for __stdout
    printf7.o(i.__0vsnprintf$7) refers to printf7.o(i._printf_core) for _printf_core
    printf7.o(i.__0vsnprintf$7) refers to printf7.o(i._snputc) for _snputc
    printf7.o(i.__0vsprintf$7) refers to printf7.o(i._printf_core) for _printf_core
    printf7.o(i.__0vsprintf$7) refers to printf7.o(i._sputc) for _sputc
    printf7.o(i._printf_core) refers to printf7.o(i._printf_pre_padding) for _printf_pre_padding
    printf7.o(i._printf_core) refers to uldiv.o(.text) for __aeabi_uldivmod
    printf7.o(i._printf_core) refers to printf7.o(i._printf_post_padding) for _printf_post_padding
    printf8.o(i.__0fprintf$8) refers to printf8.o(i._printf_core) for _printf_core
    printf8.o(i.__0fprintf$8) refers to main.o(i.fputc) for fputc
    printf8.o(i.__0printf$8) refers to printf8.o(i._printf_core) for _printf_core
    printf8.o(i.__0printf$8) refers to main.o(i.fputc) for fputc
    printf8.o(i.__0printf$8) refers to stdout.o(.data) for __stdout
    printf8.o(i.__0snprintf$8) refers to printf8.o(i._printf_core) for _printf_core
    printf8.o(i.__0snprintf$8) refers to printf8.o(i._snputc) for _snputc
    printf8.o(i.__0sprintf$8) refers to printf8.o(i._printf_core) for _printf_core
    printf8.o(i.__0sprintf$8) refers to printf8.o(i._sputc) for _sputc
    printf8.o(i.__0vfprintf$8) refers to printf8.o(i._printf_core) for _printf_core
    printf8.o(i.__0vfprintf$8) refers to main.o(i.fputc) for fputc
    printf8.o(i.__0vprintf$8) refers to printf8.o(i._printf_core) for _printf_core
    printf8.o(i.__0vprintf$8) refers to main.o(i.fputc) for fputc
    printf8.o(i.__0vprintf$8) refers to stdout.o(.data) for __stdout
    printf8.o(i.__0vsnprintf$8) refers to printf8.o(i._printf_core) for _printf_core
    printf8.o(i.__0vsnprintf$8) refers to printf8.o(i._snputc) for _snputc
    printf8.o(i.__0vsprintf$8) refers to printf8.o(i._printf_core) for _printf_core
    printf8.o(i.__0vsprintf$8) refers to printf8.o(i._sputc) for _sputc
    printf8.o(i._printf_core) refers to printf8.o(i._printf_pre_padding) for _printf_pre_padding
    printf8.o(i._printf_core) refers to uldiv.o(.text) for __aeabi_uldivmod
    printf8.o(i._printf_core) refers to printf8.o(i._printf_post_padding) for _printf_post_padding
    printfa.o(i.__0fprintf) refers (Special) to iusefp.o(.text) for __I$use$fp
    printfa.o(i.__0fprintf) refers to printfa.o(i._printf_core) for _printf_core
    printfa.o(i.__0fprintf) refers to main.o(i.fputc) for fputc
    printfa.o(i.__0printf) refers (Special) to iusefp.o(.text) for __I$use$fp
    printfa.o(i.__0printf) refers to printfa.o(i._printf_core) for _printf_core
    printfa.o(i.__0printf) refers to main.o(i.fputc) for fputc
    printfa.o(i.__0printf) refers to stdout.o(.data) for __stdout
    printfa.o(i.__0snprintf) refers (Special) to iusefp.o(.text) for __I$use$fp
    printfa.o(i.__0snprintf) refers to printfa.o(i._printf_core) for _printf_core
    printfa.o(i.__0snprintf) refers to printfa.o(i._snputc) for _snputc
    printfa.o(i.__0sprintf) refers (Special) to iusefp.o(.text) for __I$use$fp
    printfa.o(i.__0sprintf) refers to printfa.o(i._printf_core) for _printf_core
    printfa.o(i.__0sprintf) refers to printfa.o(i._sputc) for _sputc
    printfa.o(i.__0vfprintf) refers (Special) to iusefp.o(.text) for __I$use$fp
    printfa.o(i.__0vfprintf) refers to printfa.o(i._printf_core) for _printf_core
    printfa.o(i.__0vfprintf) refers to main.o(i.fputc) for fputc
    printfa.o(i.__0vprintf) refers (Special) to iusefp.o(.text) for __I$use$fp
    printfa.o(i.__0vprintf) refers to printfa.o(i._printf_core) for _printf_core
    printfa.o(i.__0vprintf) refers to main.o(i.fputc) for fputc
    printfa.o(i.__0vprintf) refers to stdout.o(.data) for __stdout
    printfa.o(i.__0vsnprintf) refers (Special) to iusefp.o(.text) for __I$use$fp
    printfa.o(i.__0vsnprintf) refers to printfa.o(i._printf_core) for _printf_core
    printfa.o(i.__0vsnprintf) refers to printfa.o(i._snputc) for _snputc
    printfa.o(i.__0vsprintf) refers (Special) to iusefp.o(.text) for __I$use$fp
    printfa.o(i.__0vsprintf) refers to printfa.o(i._printf_core) for _printf_core
    printfa.o(i.__0vsprintf) refers to printfa.o(i._sputc) for _sputc
    printfa.o(i._fp_digits) refers (Special) to iusefp.o(.text) for __I$use$fp
    printfa.o(i._fp_digits) refers to dmul.o(.text) for __aeabi_dmul
    printfa.o(i._fp_digits) refers to ddiv.o(.text) for __aeabi_ddiv
    printfa.o(i._fp_digits) refers to cdrcmple.o(.text) for __aeabi_cdrcmple
    printfa.o(i._fp_digits) refers to dadd.o(.text) for __aeabi_dadd
    printfa.o(i._fp_digits) refers to dfixul.o(.text) for __aeabi_d2ulz
    printfa.o(i._fp_digits) refers to uldiv.o(.text) for __aeabi_uldivmod
    printfa.o(i._printf_core) refers (Special) to iusefp.o(.text) for __I$use$fp
    printfa.o(i._printf_core) refers to printfa.o(i._printf_pre_padding) for _printf_pre_padding
    printfa.o(i._printf_core) refers to uldiv.o(.text) for __aeabi_uldivmod
    printfa.o(i._printf_core) refers to printfa.o(i._printf_post_padding) for _printf_post_padding
    printfa.o(i._printf_core) refers to printfa.o(i._fp_digits) for _fp_digits
    printfa.o(i._printf_core) refers to uidiv.o(.text) for __aeabi_uidivmod
    printfa.o(i._printf_post_padding) refers (Special) to iusefp.o(.text) for __I$use$fp
    printfa.o(i._printf_pre_padding) refers (Special) to iusefp.o(.text) for __I$use$fp
    printfa.o(i._snputc) refers (Special) to iusefp.o(.text) for __I$use$fp
    printfa.o(i._sputc) refers (Special) to iusefp.o(.text) for __I$use$fp
    entry2.o(.ARM.Collect$$$$00000001) refers to entry2.o(.ARM.Collect$$$$00002712) for __lit__00000000
    entry2.o(.ARM.Collect$$$$00002712) refers to startup_stm32f407xx.o(STACK) for __initial_sp
    entry2.o(__vectab_stack_and_reset_area) refers to startup_stm32f407xx.o(STACK) for __initial_sp
    entry2.o(__vectab_stack_and_reset_area) refers to entry.o(.ARM.Collect$$$$00000000) for __main
    entry5.o(.ARM.Collect$$$$00000004) refers to init.o(.text) for __scatterload
    entry9a.o(.ARM.Collect$$$$0000000B) refers to main.o(i.main) for main
    entry9b.o(.ARM.Collect$$$$0000000C) refers to main.o(i.main) for main
    dadd.o(.text) refers to llshl.o(.text) for __aeabi_llsl
    dadd.o(.text) refers to llsshr.o(.text) for __aeabi_lasr
    dadd.o(.text) refers to depilogue.o(.text) for _double_epilogue
    dmul.o(.text) refers to depilogue.o(.text) for _double_epilogue
    ddiv.o(.text) refers to depilogue.o(.text) for _double_round
    dfixul.o(.text) refers to llushr.o(.text) for __aeabi_llsr
    dfixul.o(.text) refers to llshl.o(.text) for __aeabi_llsl
    init.o(.text) refers to entry5.o(.ARM.Collect$$$$00000004) for __main_after_scatterload
    depilogue.o(.text) refers to llshl.o(.text) for __aeabi_llsl
    depilogue.o(.text) refers to llushr.o(.text) for __aeabi_llsr


==============================================================================

Removing Unused input sections from the image.

    Removing startup_stm32f407xx.o(HEAP), (512 bytes).
    Removing tdc1011.o(.rev16_text), (4 bytes).
    Removing tdc1011.o(.revsh_text), (4 bytes).
    Removing tdc1011.o(.rrx_text), (6 bytes).
    Removing main.o(.rev16_text), (4 bytes).
    Removing main.o(.revsh_text), (4 bytes).
    Removing main.o(.rrx_text), (6 bytes).
    Removing main.o(i._Error_Handler), (2 bytes).
    Removing stm32f4xx_it.o(.rev16_text), (4 bytes).
    Removing stm32f4xx_it.o(.revsh_text), (4 bytes).
    Removing stm32f4xx_it.o(.rrx_text), (6 bytes).
    Removing stm32f4xx_hal_msp.o(.rev16_text), (4 bytes).
    Removing stm32f4xx_hal_msp.o(.revsh_text), (4 bytes).
    Removing stm32f4xx_hal_msp.o(.rrx_text), (6 bytes).
    Removing stm32f4xx_hal_msp.o(i.HAL_SPI_MspDeInit), (52 bytes).
    Removing stm32f4xx_hal_msp.o(i.HAL_UART_MspDeInit), (40 bytes).
    Removing stm32f4xx_hal_spi.o(.rev16_text), (4 bytes).
    Removing stm32f4xx_hal_spi.o(.revsh_text), (4 bytes).
    Removing stm32f4xx_hal_spi.o(.rrx_text), (6 bytes).
    Removing stm32f4xx_hal_spi.o(i.HAL_SPI_Abort), (192 bytes).
    Removing stm32f4xx_hal_spi.o(i.HAL_SPI_AbortCpltCallback), (2 bytes).
    Removing stm32f4xx_hal_spi.o(i.HAL_SPI_Abort_IT), (232 bytes).
    Removing stm32f4xx_hal_spi.o(i.HAL_SPI_DMAPause), (38 bytes).
    Removing stm32f4xx_hal_spi.o(i.HAL_SPI_DMAResume), (38 bytes).
    Removing stm32f4xx_hal_spi.o(i.HAL_SPI_DMAStop), (40 bytes).
    Removing stm32f4xx_hal_spi.o(i.HAL_SPI_DeInit), (46 bytes).
    Removing stm32f4xx_hal_spi.o(i.HAL_SPI_GetError), (4 bytes).
    Removing stm32f4xx_hal_spi.o(i.HAL_SPI_MspDeInit), (2 bytes).
    Removing stm32f4xx_hal_spi.o(i.HAL_SPI_MspInit), (2 bytes).
    Removing stm32f4xx_hal_spi.o(i.HAL_SPI_Receive_DMA), (212 bytes).
    Removing stm32f4xx_hal_spi.o(i.HAL_SPI_Receive_IT), (164 bytes).
    Removing stm32f4xx_hal_spi.o(i.HAL_SPI_RxCpltCallback), (2 bytes).
    Removing stm32f4xx_hal_spi.o(i.HAL_SPI_RxHalfCpltCallback), (2 bytes).
    Removing stm32f4xx_hal_spi.o(i.HAL_SPI_TransmitReceive_DMA), (264 bytes).
    Removing stm32f4xx_hal_spi.o(i.HAL_SPI_TransmitReceive_IT), (164 bytes).
    Removing stm32f4xx_hal_spi.o(i.HAL_SPI_Transmit_DMA), (184 bytes).
    Removing stm32f4xx_hal_spi.o(i.HAL_SPI_Transmit_IT), (152 bytes).
    Removing stm32f4xx_hal_spi.o(i.HAL_SPI_TxCpltCallback), (2 bytes).
    Removing stm32f4xx_hal_spi.o(i.HAL_SPI_TxHalfCpltCallback), (2 bytes).
    Removing stm32f4xx_hal_spi.o(i.HAL_SPI_TxRxCpltCallback), (2 bytes).
    Removing stm32f4xx_hal_spi.o(i.HAL_SPI_TxRxHalfCpltCallback), (2 bytes).
    Removing stm32f4xx_hal_spi.o(i.SPI_2linesRxISR_16BIT), (48 bytes).
    Removing stm32f4xx_hal_spi.o(i.SPI_2linesRxISR_8BIT), (46 bytes).
    Removing stm32f4xx_hal_spi.o(i.SPI_2linesTxISR_16BIT), (48 bytes).
    Removing stm32f4xx_hal_spi.o(i.SPI_2linesTxISR_8BIT), (46 bytes).
    Removing stm32f4xx_hal_spi.o(i.SPI_AbortRx_ISR), (80 bytes).
    Removing stm32f4xx_hal_spi.o(i.SPI_AbortTx_ISR), (22 bytes).
    Removing stm32f4xx_hal_spi.o(i.SPI_CloseRxTx_ISR), (144 bytes).
    Removing stm32f4xx_hal_spi.o(i.SPI_CloseRx_ISR), (78 bytes).
    Removing stm32f4xx_hal_spi.o(i.SPI_CloseTx_ISR), (124 bytes).
    Removing stm32f4xx_hal_spi.o(i.SPI_DMAError), (34 bytes).
    Removing stm32f4xx_hal_spi.o(i.SPI_DMAHalfReceiveCplt), (10 bytes).
    Removing stm32f4xx_hal_spi.o(i.SPI_DMAHalfTransmitCplt), (10 bytes).
    Removing stm32f4xx_hal_spi.o(i.SPI_DMAHalfTransmitReceiveCplt), (10 bytes).
    Removing stm32f4xx_hal_spi.o(i.SPI_DMAReceiveCplt), (82 bytes).
    Removing stm32f4xx_hal_spi.o(i.SPI_DMARxAbortCallback), (70 bytes).
    Removing stm32f4xx_hal_spi.o(i.SPI_DMATransmitCplt), (90 bytes).
    Removing stm32f4xx_hal_spi.o(i.SPI_DMATransmitReceiveCplt), (80 bytes).
    Removing stm32f4xx_hal_spi.o(i.SPI_DMATxAbortCallback), (104 bytes).
    Removing stm32f4xx_hal_spi.o(i.SPI_RxISR_16BIT), (32 bytes).
    Removing stm32f4xx_hal_spi.o(i.SPI_RxISR_8BIT), (30 bytes).
    Removing stm32f4xx_hal_spi.o(i.SPI_TxISR_16BIT), (32 bytes).
    Removing stm32f4xx_hal_spi.o(i.SPI_TxISR_8BIT), (30 bytes).
    Removing stm32f4xx_hal_tim.o(.rev16_text), (4 bytes).
    Removing stm32f4xx_hal_tim.o(.revsh_text), (4 bytes).
    Removing stm32f4xx_hal_tim.o(.rrx_text), (6 bytes).
    Removing stm32f4xx_hal_tim_ex.o(.rev16_text), (4 bytes).
    Removing stm32f4xx_hal_tim_ex.o(.revsh_text), (4 bytes).
    Removing stm32f4xx_hal_tim_ex.o(.rrx_text), (6 bytes).
    Removing stm32f4xx_hal_uart.o(.rev16_text), (4 bytes).
    Removing stm32f4xx_hal_uart.o(.revsh_text), (4 bytes).
    Removing stm32f4xx_hal_uart.o(.rrx_text), (6 bytes).
    Removing stm32f4xx_hal_uart.o(i.HAL_HalfDuplex_EnableReceiver), (50 bytes).
    Removing stm32f4xx_hal_uart.o(i.HAL_HalfDuplex_EnableTransmitter), (50 bytes).
    Removing stm32f4xx_hal_uart.o(i.HAL_HalfDuplex_Init), (108 bytes).
    Removing stm32f4xx_hal_uart.o(i.HAL_LIN_Init), (128 bytes).
    Removing stm32f4xx_hal_uart.o(i.HAL_LIN_SendBreak), (46 bytes).
    Removing stm32f4xx_hal_uart.o(i.HAL_MultiProcessor_EnterMuteMode), (46 bytes).
    Removing stm32f4xx_hal_uart.o(i.HAL_MultiProcessor_ExitMuteMode), (46 bytes).
    Removing stm32f4xx_hal_uart.o(i.HAL_MultiProcessor_Init), (142 bytes).
    Removing stm32f4xx_hal_uart.o(i.HAL_UART_Abort), (104 bytes).
    Removing stm32f4xx_hal_uart.o(i.HAL_UART_AbortCpltCallback), (2 bytes).
    Removing stm32f4xx_hal_uart.o(i.HAL_UART_AbortReceive), (68 bytes).
    Removing stm32f4xx_hal_uart.o(i.HAL_UART_AbortReceiveCpltCallback), (2 bytes).
    Removing stm32f4xx_hal_uart.o(i.HAL_UART_AbortReceive_IT), (92 bytes).
    Removing stm32f4xx_hal_uart.o(i.HAL_UART_AbortTransmit), (58 bytes).
    Removing stm32f4xx_hal_uart.o(i.HAL_UART_AbortTransmitCpltCallback), (2 bytes).
    Removing stm32f4xx_hal_uart.o(i.HAL_UART_AbortTransmit_IT), (84 bytes).
    Removing stm32f4xx_hal_uart.o(i.HAL_UART_Abort_IT), (172 bytes).
    Removing stm32f4xx_hal_uart.o(i.HAL_UART_DMAPause), (102 bytes).
    Removing stm32f4xx_hal_uart.o(i.HAL_UART_DMAResume), (94 bytes).
    Removing stm32f4xx_hal_uart.o(i.HAL_UART_DMAStop), (88 bytes).
    Removing stm32f4xx_hal_uart.o(i.HAL_UART_DeInit), (40 bytes).
    Removing stm32f4xx_hal_uart.o(i.HAL_UART_ErrorCallback), (2 bytes).
    Removing stm32f4xx_hal_uart.o(i.HAL_UART_GetError), (4 bytes).
    Removing stm32f4xx_hal_uart.o(i.HAL_UART_GetState), (10 bytes).
    Removing stm32f4xx_hal_uart.o(i.HAL_UART_IRQHandler), (272 bytes).
    Removing stm32f4xx_hal_uart.o(i.HAL_UART_MspDeInit), (2 bytes).
    Removing stm32f4xx_hal_uart.o(i.HAL_UART_MspInit), (2 bytes).
    Removing stm32f4xx_hal_uart.o(i.HAL_UART_Receive), (184 bytes).
    Removing stm32f4xx_hal_uart.o(i.HAL_UART_Receive_DMA), (152 bytes).
    Removing stm32f4xx_hal_uart.o(i.HAL_UART_Receive_IT), (72 bytes).
    Removing stm32f4xx_hal_uart.o(i.HAL_UART_RxCpltCallback), (2 bytes).
    Removing stm32f4xx_hal_uart.o(i.HAL_UART_RxHalfCpltCallback), (2 bytes).
    Removing stm32f4xx_hal_uart.o(i.HAL_UART_Transmit_DMA), (128 bytes).
    Removing stm32f4xx_hal_uart.o(i.HAL_UART_Transmit_IT), (62 bytes).
    Removing stm32f4xx_hal_uart.o(i.HAL_UART_TxCpltCallback), (2 bytes).
    Removing stm32f4xx_hal_uart.o(i.HAL_UART_TxHalfCpltCallback), (2 bytes).
    Removing stm32f4xx_hal_uart.o(i.UART_DMAAbortOnError), (16 bytes).
    Removing stm32f4xx_hal_uart.o(i.UART_DMAError), (74 bytes).
    Removing stm32f4xx_hal_uart.o(i.UART_DMAReceiveCplt), (60 bytes).
    Removing stm32f4xx_hal_uart.o(i.UART_DMARxAbortCallback), (42 bytes).
    Removing stm32f4xx_hal_uart.o(i.UART_DMARxHalfCplt), (10 bytes).
    Removing stm32f4xx_hal_uart.o(i.UART_DMARxOnlyAbortCallback), (20 bytes).
    Removing stm32f4xx_hal_uart.o(i.UART_DMATransmitCplt), (46 bytes).
    Removing stm32f4xx_hal_uart.o(i.UART_DMATxAbortCallback), (42 bytes).
    Removing stm32f4xx_hal_uart.o(i.UART_DMATxHalfCplt), (10 bytes).
    Removing stm32f4xx_hal_uart.o(i.UART_DMATxOnlyAbortCallback), (20 bytes).
    Removing stm32f4xx_hal_uart.o(i.UART_EndRxTransfer), (28 bytes).
    Removing stm32f4xx_hal_uart.o(i.UART_EndTxTransfer), (18 bytes).
    Removing stm32f4xx_hal_uart.o(i.UART_Receive_IT), (140 bytes).
    Removing stm32f4xx_hal_uart.o(i.UART_Transmit_IT), (98 bytes).
    Removing stm32f4xx_hal_rcc.o(.rev16_text), (4 bytes).
    Removing stm32f4xx_hal_rcc.o(.revsh_text), (4 bytes).
    Removing stm32f4xx_hal_rcc.o(.rrx_text), (6 bytes).
    Removing stm32f4xx_hal_rcc.o(i.HAL_RCC_CSSCallback), (2 bytes).
    Removing stm32f4xx_hal_rcc.o(i.HAL_RCC_DeInit), (4 bytes).
    Removing stm32f4xx_hal_rcc.o(i.HAL_RCC_DisableCSS), (12 bytes).
    Removing stm32f4xx_hal_rcc.o(i.HAL_RCC_EnableCSS), (12 bytes).
    Removing stm32f4xx_hal_rcc.o(i.HAL_RCC_GetClockConfig), (64 bytes).
    Removing stm32f4xx_hal_rcc.o(i.HAL_RCC_GetOscConfig), (180 bytes).
    Removing stm32f4xx_hal_rcc.o(i.HAL_RCC_MCOConfig), (140 bytes).
    Removing stm32f4xx_hal_rcc.o(i.HAL_RCC_NMI_IRQHandler), (28 bytes).
    Removing stm32f4xx_hal_rcc_ex.o(.rev16_text), (4 bytes).
    Removing stm32f4xx_hal_rcc_ex.o(.revsh_text), (4 bytes).
    Removing stm32f4xx_hal_rcc_ex.o(.rrx_text), (6 bytes).
    Removing stm32f4xx_hal_rcc_ex.o(i.HAL_RCCEx_DisablePLLI2S), (52 bytes).
    Removing stm32f4xx_hal_rcc_ex.o(i.HAL_RCCEx_EnablePLLI2S), (104 bytes).
    Removing stm32f4xx_hal_rcc_ex.o(i.HAL_RCCEx_GetPeriphCLKConfig), (52 bytes).
    Removing stm32f4xx_hal_rcc_ex.o(i.HAL_RCCEx_GetPeriphCLKFreq), (92 bytes).
    Removing stm32f4xx_hal_rcc_ex.o(i.HAL_RCCEx_PeriphCLKConfig), (316 bytes).
    Removing stm32f4xx_hal_rcc_ex.o(i.HAL_RCC_DeInit), (304 bytes).
    Removing stm32f4xx_hal_flash.o(.rev16_text), (4 bytes).
    Removing stm32f4xx_hal_flash.o(.revsh_text), (4 bytes).
    Removing stm32f4xx_hal_flash.o(.rrx_text), (6 bytes).
    Removing stm32f4xx_hal_flash.o(i.FLASH_Program_Byte), (32 bytes).
    Removing stm32f4xx_hal_flash.o(i.FLASH_Program_DoubleWord), (40 bytes).
    Removing stm32f4xx_hal_flash.o(i.FLASH_Program_HalfWord), (36 bytes).
    Removing stm32f4xx_hal_flash.o(i.FLASH_Program_Word), (36 bytes).
    Removing stm32f4xx_hal_flash.o(i.FLASH_SetErrorCode), (104 bytes).
    Removing stm32f4xx_hal_flash.o(i.FLASH_WaitForLastOperation), (80 bytes).
    Removing stm32f4xx_hal_flash.o(i.HAL_FLASH_EndOfOperationCallback), (2 bytes).
    Removing stm32f4xx_hal_flash.o(i.HAL_FLASH_GetError), (12 bytes).
    Removing stm32f4xx_hal_flash.o(i.HAL_FLASH_IRQHandler), (204 bytes).
    Removing stm32f4xx_hal_flash.o(i.HAL_FLASH_Lock), (20 bytes).
    Removing stm32f4xx_hal_flash.o(i.HAL_FLASH_OB_Launch), (24 bytes).
    Removing stm32f4xx_hal_flash.o(i.HAL_FLASH_OB_Lock), (20 bytes).
    Removing stm32f4xx_hal_flash.o(i.HAL_FLASH_OB_Unlock), (40 bytes).
    Removing stm32f4xx_hal_flash.o(i.HAL_FLASH_OperationErrorCallback), (2 bytes).
    Removing stm32f4xx_hal_flash.o(i.HAL_FLASH_Program), (124 bytes).
    Removing stm32f4xx_hal_flash.o(i.HAL_FLASH_Program_IT), (108 bytes).
    Removing stm32f4xx_hal_flash.o(i.HAL_FLASH_Unlock), (44 bytes).
    Removing stm32f4xx_hal_flash.o(.bss), (32 bytes).
    Removing stm32f4xx_hal_flash_ex.o(.rev16_text), (4 bytes).
    Removing stm32f4xx_hal_flash_ex.o(.revsh_text), (4 bytes).
    Removing stm32f4xx_hal_flash_ex.o(.rrx_text), (6 bytes).
    Removing stm32f4xx_hal_flash_ex.o(i.FLASH_Erase_Sector), (80 bytes).
    Removing stm32f4xx_hal_flash_ex.o(i.FLASH_FlushCaches), (84 bytes).
    Removing stm32f4xx_hal_flash_ex.o(i.FLASH_MassErase), (40 bytes).
    Removing stm32f4xx_hal_flash_ex.o(i.HAL_FLASHEx_Erase), (152 bytes).
    Removing stm32f4xx_hal_flash_ex.o(i.HAL_FLASHEx_Erase_IT), (104 bytes).
    Removing stm32f4xx_hal_flash_ex.o(i.HAL_FLASHEx_OBGetConfig), (64 bytes).
    Removing stm32f4xx_hal_flash_ex.o(i.HAL_FLASHEx_OBProgram), (204 bytes).
    Removing stm32f4xx_hal_flash_ramfunc.o(.rev16_text), (4 bytes).
    Removing stm32f4xx_hal_flash_ramfunc.o(.revsh_text), (4 bytes).
    Removing stm32f4xx_hal_flash_ramfunc.o(.rrx_text), (6 bytes).
    Removing stm32f4xx_hal_gpio.o(.rev16_text), (4 bytes).
    Removing stm32f4xx_hal_gpio.o(.revsh_text), (4 bytes).
    Removing stm32f4xx_hal_gpio.o(.rrx_text), (6 bytes).
    Removing stm32f4xx_hal_gpio.o(i.HAL_GPIO_DeInit), (328 bytes).
    Removing stm32f4xx_hal_gpio.o(i.HAL_GPIO_LockPin), (34 bytes).
    Removing stm32f4xx_hal_gpio.o(i.HAL_GPIO_ReadPin), (10 bytes).
    Removing stm32f4xx_hal_dma_ex.o(.rev16_text), (4 bytes).
    Removing stm32f4xx_hal_dma_ex.o(.revsh_text), (4 bytes).
    Removing stm32f4xx_hal_dma_ex.o(.rrx_text), (6 bytes).
    Removing stm32f4xx_hal_dma_ex.o(i.DMA_MultiBufferSetConfig), (30 bytes).
    Removing stm32f4xx_hal_dma_ex.o(i.HAL_DMAEx_ChangeMemory), (14 bytes).
    Removing stm32f4xx_hal_dma_ex.o(i.HAL_DMAEx_MultiBufferStart), (100 bytes).
    Removing stm32f4xx_hal_dma_ex.o(i.HAL_DMAEx_MultiBufferStart_IT), (2432 bytes).
    Removing stm32f4xx_hal_dma.o(.rev16_text), (4 bytes).
    Removing stm32f4xx_hal_dma.o(.revsh_text), (4 bytes).
    Removing stm32f4xx_hal_dma.o(.rrx_text), (6 bytes).
    Removing stm32f4xx_hal_dma.o(i.DMA_CalcBaseAndBitshift), (40 bytes).
    Removing stm32f4xx_hal_dma.o(i.DMA_CheckFifoParam), (84 bytes).
    Removing stm32f4xx_hal_dma.o(i.DMA_SetConfig), (40 bytes).
    Removing stm32f4xx_hal_dma.o(i.HAL_DMA_Abort), (142 bytes).
    Removing stm32f4xx_hal_dma.o(i.HAL_DMA_DeInit), (86 bytes).
    Removing stm32f4xx_hal_dma.o(i.HAL_DMA_GetError), (4 bytes).
    Removing stm32f4xx_hal_dma.o(i.HAL_DMA_GetState), (6 bytes).
    Removing stm32f4xx_hal_dma.o(i.HAL_DMA_IRQHandler), (416 bytes).
    Removing stm32f4xx_hal_dma.o(i.HAL_DMA_Init), (212 bytes).
    Removing stm32f4xx_hal_dma.o(i.HAL_DMA_PollForTransfer), (292 bytes).
    Removing stm32f4xx_hal_dma.o(i.HAL_DMA_RegisterCallback), (80 bytes).
    Removing stm32f4xx_hal_dma.o(i.HAL_DMA_Start), (70 bytes).
    Removing stm32f4xx_hal_dma.o(i.HAL_DMA_Start_IT), (120 bytes).
    Removing stm32f4xx_hal_dma.o(i.HAL_DMA_UnRegisterCallback), (96 bytes).
    Removing stm32f4xx_hal_dma.o(.constdata), (8 bytes).
    Removing stm32f4xx_hal_pwr.o(.rev16_text), (4 bytes).
    Removing stm32f4xx_hal_pwr.o(.revsh_text), (4 bytes).
    Removing stm32f4xx_hal_pwr.o(.rrx_text), (6 bytes).
    Removing stm32f4xx_hal_pwr.o(i.HAL_PWR_ConfigPVD), (124 bytes).
    Removing stm32f4xx_hal_pwr.o(i.HAL_PWR_DeInit), (24 bytes).
    Removing stm32f4xx_hal_pwr.o(i.HAL_PWR_DisableBkUpAccess), (12 bytes).
    Removing stm32f4xx_hal_pwr.o(i.HAL_PWR_DisablePVD), (12 bytes).
    Removing stm32f4xx_hal_pwr.o(i.HAL_PWR_DisableSEVOnPend), (16 bytes).
    Removing stm32f4xx_hal_pwr.o(i.HAL_PWR_DisableSleepOnExit), (16 bytes).
    Removing stm32f4xx_hal_pwr.o(i.HAL_PWR_DisableWakeUpPin), (16 bytes).
    Removing stm32f4xx_hal_pwr.o(i.HAL_PWR_EnableBkUpAccess), (12 bytes).
    Removing stm32f4xx_hal_pwr.o(i.HAL_PWR_EnablePVD), (12 bytes).
    Removing stm32f4xx_hal_pwr.o(i.HAL_PWR_EnableSEVOnPend), (16 bytes).
    Removing stm32f4xx_hal_pwr.o(i.HAL_PWR_EnableSleepOnExit), (16 bytes).
    Removing stm32f4xx_hal_pwr.o(i.HAL_PWR_EnableWakeUpPin), (16 bytes).
    Removing stm32f4xx_hal_pwr.o(i.HAL_PWR_EnterSLEEPMode), (32 bytes).
    Removing stm32f4xx_hal_pwr.o(i.HAL_PWR_EnterSTANDBYMode), (32 bytes).
    Removing stm32f4xx_hal_pwr.o(i.HAL_PWR_EnterSTOPMode), (56 bytes).
    Removing stm32f4xx_hal_pwr.o(i.HAL_PWR_PVDCallback), (2 bytes).
    Removing stm32f4xx_hal_pwr.o(i.HAL_PWR_PVD_IRQHandler), (28 bytes).
    Removing stm32f4xx_hal_pwr_ex.o(.rev16_text), (4 bytes).
    Removing stm32f4xx_hal_pwr_ex.o(.revsh_text), (4 bytes).
    Removing stm32f4xx_hal_pwr_ex.o(.rrx_text), (6 bytes).
    Removing stm32f4xx_hal_pwr_ex.o(i.HAL_PWREx_ControlVoltageScaling), (88 bytes).
    Removing stm32f4xx_hal_pwr_ex.o(i.HAL_PWREx_DisableBkUpReg), (60 bytes).
    Removing stm32f4xx_hal_pwr_ex.o(i.HAL_PWREx_DisableFlashPowerDown), (12 bytes).
    Removing stm32f4xx_hal_pwr_ex.o(i.HAL_PWREx_EnableBkUpReg), (60 bytes).
    Removing stm32f4xx_hal_pwr_ex.o(i.HAL_PWREx_EnableFlashPowerDown), (12 bytes).
    Removing stm32f4xx_hal_pwr_ex.o(i.HAL_PWREx_GetVoltageRange), (16 bytes).
    Removing stm32f4xx_hal_cortex.o(.rev16_text), (4 bytes).
    Removing stm32f4xx_hal_cortex.o(.revsh_text), (4 bytes).
    Removing stm32f4xx_hal_cortex.o(.rrx_text), (6 bytes).
    Removing stm32f4xx_hal_cortex.o(i.HAL_MPU_ConfigRegion), (84 bytes).
    Removing stm32f4xx_hal_cortex.o(i.HAL_MPU_Disable), (28 bytes).
    Removing stm32f4xx_hal_cortex.o(i.HAL_MPU_Enable), (36 bytes).
    Removing stm32f4xx_hal_cortex.o(i.HAL_NVIC_ClearPendingIRQ), (22 bytes).
    Removing stm32f4xx_hal_cortex.o(i.HAL_NVIC_DisableIRQ), (22 bytes).
    Removing stm32f4xx_hal_cortex.o(i.HAL_NVIC_GetActive), (32 bytes).
    Removing stm32f4xx_hal_cortex.o(i.HAL_NVIC_GetPendingIRQ), (32 bytes).
    Removing stm32f4xx_hal_cortex.o(i.HAL_NVIC_GetPriority), (82 bytes).
    Removing stm32f4xx_hal_cortex.o(i.HAL_NVIC_GetPriorityGrouping), (16 bytes).
    Removing stm32f4xx_hal_cortex.o(i.HAL_NVIC_SetPendingIRQ), (22 bytes).
    Removing stm32f4xx_hal_cortex.o(i.HAL_NVIC_SystemReset), (36 bytes).
    Removing stm32f4xx_hal.o(.rev16_text), (4 bytes).
    Removing stm32f4xx_hal.o(.revsh_text), (4 bytes).
    Removing stm32f4xx_hal.o(.rrx_text), (6 bytes).
    Removing stm32f4xx_hal.o(i.HAL_DBGMCU_DisableDBGSleepMode), (16 bytes).
    Removing stm32f4xx_hal.o(i.HAL_DBGMCU_DisableDBGStandbyMode), (16 bytes).
    Removing stm32f4xx_hal.o(i.HAL_DBGMCU_DisableDBGStopMode), (16 bytes).
    Removing stm32f4xx_hal.o(i.HAL_DBGMCU_EnableDBGSleepMode), (16 bytes).
    Removing stm32f4xx_hal.o(i.HAL_DBGMCU_EnableDBGStandbyMode), (16 bytes).
    Removing stm32f4xx_hal.o(i.HAL_DBGMCU_EnableDBGStopMode), (16 bytes).
    Removing stm32f4xx_hal.o(i.HAL_DeInit), (52 bytes).
    Removing stm32f4xx_hal.o(i.HAL_DisableCompensationCell), (12 bytes).
    Removing stm32f4xx_hal.o(i.HAL_EnableCompensationCell), (12 bytes).
    Removing stm32f4xx_hal.o(i.HAL_GetDEVID), (16 bytes).
    Removing stm32f4xx_hal.o(i.HAL_GetHalVersion), (8 bytes).
    Removing stm32f4xx_hal.o(i.HAL_GetREVID), (12 bytes).
    Removing stm32f4xx_hal.o(i.HAL_GetTickFreq), (12 bytes).
    Removing stm32f4xx_hal.o(i.HAL_GetTickPrio), (12 bytes).
    Removing stm32f4xx_hal.o(i.HAL_GetUID), (28 bytes).
    Removing stm32f4xx_hal.o(i.HAL_MspDeInit), (2 bytes).
    Removing stm32f4xx_hal.o(i.HAL_MspInit), (2 bytes).
    Removing stm32f4xx_hal.o(i.HAL_ResumeTick), (14 bytes).
    Removing stm32f4xx_hal.o(i.HAL_SetTickFreq), (28 bytes).
    Removing stm32f4xx_hal.o(i.HAL_SuspendTick), (14 bytes).
    Removing system_stm32f4xx.o(.rev16_text), (4 bytes).
    Removing system_stm32f4xx.o(.revsh_text), (4 bytes).
    Removing system_stm32f4xx.o(.rrx_text), (6 bytes).
    Removing system_stm32f4xx.o(i.SystemCoreClockUpdate), (120 bytes).
    Removing dadd.o(.text), (334 bytes).
    Removing dmul.o(.text), (228 bytes).
    Removing ddiv.o(.text), (222 bytes).
    Removing dfixul.o(.text), (48 bytes).
    Removing cdrcmple.o(.text), (48 bytes).
    Removing depilogue.o(.text), (186 bytes).

283 unused section(s) (total 17246 bytes) removed from the image.

==============================================================================

Image Symbol Table

    Local Symbols

    Symbol Name                              Value     Ov Type        Size  Object(Section)

    ..//Src/system_stm32f4xx.c               0x00000000   Number         0  system_stm32f4xx.o ABSOLUTE
    ../Drivers/STM32F4xx_HAL_Driver/Src/stm32f4xx_hal.c 0x00000000   Number         0  stm32f4xx_hal.o ABSOLUTE
    ../Drivers/STM32F4xx_HAL_Driver/Src/stm32f4xx_hal_cortex.c 0x00000000   Number         0  stm32f4xx_hal_cortex.o ABSOLUTE
    ../Drivers/STM32F4xx_HAL_Driver/Src/stm32f4xx_hal_dma.c 0x00000000   Number         0  stm32f4xx_hal_dma.o ABSOLUTE
    ../Drivers/STM32F4xx_HAL_Driver/Src/stm32f4xx_hal_dma_ex.c 0x00000000   Number         0  stm32f4xx_hal_dma_ex.o ABSOLUTE
    ../Drivers/STM32F4xx_HAL_Driver/Src/stm32f4xx_hal_flash.c 0x00000000   Number         0  stm32f4xx_hal_flash.o ABSOLUTE
    ../Drivers/STM32F4xx_HAL_Driver/Src/stm32f4xx_hal_flash_ex.c 0x00000000   Number         0  stm32f4xx_hal_flash_ex.o ABSOLUTE
    ../Drivers/STM32F4xx_HAL_Driver/Src/stm32f4xx_hal_flash_ramfunc.c 0x00000000   Number         0  stm32f4xx_hal_flash_ramfunc.o ABSOLUTE
    ../Drivers/STM32F4xx_HAL_Driver/Src/stm32f4xx_hal_gpio.c 0x00000000   Number         0  stm32f4xx_hal_gpio.o ABSOLUTE
    ../Drivers/STM32F4xx_HAL_Driver/Src/stm32f4xx_hal_pwr.c 0x00000000   Number         0  stm32f4xx_hal_pwr.o ABSOLUTE
    ../Drivers/STM32F4xx_HAL_Driver/Src/stm32f4xx_hal_pwr_ex.c 0x00000000   Number         0  stm32f4xx_hal_pwr_ex.o ABSOLUTE
    ../Drivers/STM32F4xx_HAL_Driver/Src/stm32f4xx_hal_rcc.c 0x00000000   Number         0  stm32f4xx_hal_rcc.o ABSOLUTE
    ../Drivers/STM32F4xx_HAL_Driver/Src/stm32f4xx_hal_rcc_ex.c 0x00000000   Number         0  stm32f4xx_hal_rcc_ex.o ABSOLUTE
    ../Drivers/STM32F4xx_HAL_Driver/Src/stm32f4xx_hal_spi.c 0x00000000   Number         0  stm32f4xx_hal_spi.o ABSOLUTE
    ../Drivers/STM32F4xx_HAL_Driver/Src/stm32f4xx_hal_tim.c 0x00000000   Number         0  stm32f4xx_hal_tim.o ABSOLUTE
    ../Drivers/STM32F4xx_HAL_Driver/Src/stm32f4xx_hal_tim_ex.c 0x00000000   Number         0  stm32f4xx_hal_tim_ex.o ABSOLUTE
    ../Drivers/STM32F4xx_HAL_Driver/Src/stm32f4xx_hal_uart.c 0x00000000   Number         0  stm32f4xx_hal_uart.o ABSOLUTE
    ../Src/main.c                            0x00000000   Number         0  main.o ABSOLUTE
    ../Src/stm32f4xx_hal_msp.c               0x00000000   Number         0  stm32f4xx_hal_msp.o ABSOLUTE
    ../Src/stm32f4xx_it.c                    0x00000000   Number         0  stm32f4xx_it.o ABSOLUTE
    ../clib/microlib/division.c              0x00000000   Number         0  uldiv.o ABSOLUTE
    ../clib/microlib/division.c              0x00000000   Number         0  uidiv.o ABSOLUTE
    ../clib/microlib/init/entry.s            0x00000000   Number         0  entry7a.o ABSOLUTE
    ../clib/microlib/init/entry.s            0x00000000   Number         0  entry2.o ABSOLUTE
    ../clib/microlib/init/entry.s            0x00000000   Number         0  entry.o ABSOLUTE
    ../clib/microlib/init/entry.s            0x00000000   Number         0  entry11b.o ABSOLUTE
    ../clib/microlib/init/entry.s            0x00000000   Number         0  entry11a.o ABSOLUTE
    ../clib/microlib/init/entry.s            0x00000000   Number         0  entry10b.o ABSOLUTE
    ../clib/microlib/init/entry.s            0x00000000   Number         0  entry10a.o ABSOLUTE
    ../clib/microlib/init/entry.s            0x00000000   Number         0  entry9b.o ABSOLUTE
    ../clib/microlib/init/entry.s            0x00000000   Number         0  entry9a.o ABSOLUTE
    ../clib/microlib/init/entry.s            0x00000000   Number         0  entry8b.o ABSOLUTE
    ../clib/microlib/init/entry.s            0x00000000   Number         0  entry5.o ABSOLUTE
    ../clib/microlib/init/entry.s            0x00000000   Number         0  entry8a.o ABSOLUTE
    ../clib/microlib/init/entry.s            0x00000000   Number         0  entry7b.o ABSOLUTE
    ../clib/microlib/longlong.c              0x00000000   Number         0  llshl.o ABSOLUTE
    ../clib/microlib/longlong.c              0x00000000   Number         0  llushr.o ABSOLUTE
    ../clib/microlib/longlong.c              0x00000000   Number         0  llsshr.o ABSOLUTE
    ../clib/microlib/printf/printf.c         0x00000000   Number         0  printf1.o ABSOLUTE
    ../clib/microlib/printf/printf.c         0x00000000   Number         0  printf3.o ABSOLUTE
    ../clib/microlib/printf/printf.c         0x00000000   Number         0  printf5.o ABSOLUTE
    ../clib/microlib/printf/printf.c         0x00000000   Number         0  printf2.o ABSOLUTE
    ../clib/microlib/printf/printf.c         0x00000000   Number         0  printf6.o ABSOLUTE
    ../clib/microlib/printf/printf.c         0x00000000   Number         0  printf4.o ABSOLUTE
    ../clib/microlib/printf/printf.c         0x00000000   Number         0  printfa.o ABSOLUTE
    ../clib/microlib/printf/printf.c         0x00000000   Number         0  printf8.o ABSOLUTE
    ../clib/microlib/printf/printf.c         0x00000000   Number         0  printf0.o ABSOLUTE
    ../clib/microlib/printf/printf.c         0x00000000   Number         0  printf7.o ABSOLUTE
    ../clib/microlib/printf/printf.c         0x00000000   Number         0  printfb.o ABSOLUTE
    ../clib/microlib/printf/stubs.s          0x00000000   Number         0  stubs.o ABSOLUTE
    ../clib/microlib/stdio/streams.c         0x00000000   Number         0  stdout.o ABSOLUTE
    ../clib/microlib/stubs.s                 0x00000000   Number         0  iusefp.o ABSOLUTE
    ../fplib/microlib/fpadd.c                0x00000000   Number         0  dadd.o ABSOLUTE
    ../fplib/microlib/fpdiv.c                0x00000000   Number         0  ddiv.o ABSOLUTE
    ../fplib/microlib/fpepilogue.c           0x00000000   Number         0  depilogue.o ABSOLUTE
    ../fplib/microlib/fpfix.c                0x00000000   Number         0  dfixul.o ABSOLUTE
    ../fplib/microlib/fpmul.c                0x00000000   Number         0  dmul.o ABSOLUTE
    ..\Drivers\STM32F4xx_HAL_Driver\Src\stm32f4xx_hal.c 0x00000000   Number         0  stm32f4xx_hal.o ABSOLUTE
    ..\Drivers\STM32F4xx_HAL_Driver\Src\stm32f4xx_hal_cortex.c 0x00000000   Number         0  stm32f4xx_hal_cortex.o ABSOLUTE
    ..\Drivers\STM32F4xx_HAL_Driver\Src\stm32f4xx_hal_dma.c 0x00000000   Number         0  stm32f4xx_hal_dma.o ABSOLUTE
    ..\Drivers\STM32F4xx_HAL_Driver\Src\stm32f4xx_hal_dma_ex.c 0x00000000   Number         0  stm32f4xx_hal_dma_ex.o ABSOLUTE
    ..\Drivers\STM32F4xx_HAL_Driver\Src\stm32f4xx_hal_flash.c 0x00000000   Number         0  stm32f4xx_hal_flash.o ABSOLUTE
    ..\Drivers\STM32F4xx_HAL_Driver\Src\stm32f4xx_hal_flash_ex.c 0x00000000   Number         0  stm32f4xx_hal_flash_ex.o ABSOLUTE
    ..\Drivers\STM32F4xx_HAL_Driver\Src\stm32f4xx_hal_flash_ramfunc.c 0x00000000   Number         0  stm32f4xx_hal_flash_ramfunc.o ABSOLUTE
    ..\Drivers\STM32F4xx_HAL_Driver\Src\stm32f4xx_hal_gpio.c 0x00000000   Number         0  stm32f4xx_hal_gpio.o ABSOLUTE
    ..\Drivers\STM32F4xx_HAL_Driver\Src\stm32f4xx_hal_pwr.c 0x00000000   Number         0  stm32f4xx_hal_pwr.o ABSOLUTE
    ..\Drivers\STM32F4xx_HAL_Driver\Src\stm32f4xx_hal_pwr_ex.c 0x00000000   Number         0  stm32f4xx_hal_pwr_ex.o ABSOLUTE
    ..\Drivers\STM32F4xx_HAL_Driver\Src\stm32f4xx_hal_rcc.c 0x00000000   Number         0  stm32f4xx_hal_rcc.o ABSOLUTE
    ..\Drivers\STM32F4xx_HAL_Driver\Src\stm32f4xx_hal_rcc_ex.c 0x00000000   Number         0  stm32f4xx_hal_rcc_ex.o ABSOLUTE
    ..\Drivers\STM32F4xx_HAL_Driver\Src\stm32f4xx_hal_spi.c 0x00000000   Number         0  stm32f4xx_hal_spi.o ABSOLUTE
    ..\Drivers\STM32F4xx_HAL_Driver\Src\stm32f4xx_hal_tim.c 0x00000000   Number         0  stm32f4xx_hal_tim.o ABSOLUTE
    ..\Drivers\STM32F4xx_HAL_Driver\Src\stm32f4xx_hal_tim_ex.c 0x00000000   Number         0  stm32f4xx_hal_tim_ex.o ABSOLUTE
    ..\Drivers\STM32F4xx_HAL_Driver\Src\stm32f4xx_hal_uart.c 0x00000000   Number         0  stm32f4xx_hal_uart.o ABSOLUTE
    ..\Src\main.c                            0x00000000   Number         0  main.o ABSOLUTE
    ..\Src\stm32f4xx_hal_msp.c               0x00000000   Number         0  stm32f4xx_hal_msp.o ABSOLUTE
    ..\Src\stm32f4xx_it.c                    0x00000000   Number         0  stm32f4xx_it.o ABSOLUTE
    ..\\Src\system_stm32f4xx.c               0x00000000   Number         0  system_stm32f4xx.o ABSOLUTE
    TDC1011.c                                0x00000000   Number         0  tdc1011.o ABSOLUTE
    TDC1011.c                                0x00000000   Number         0  tdc1011.o ABSOLUTE
    cdrcmple.s                               0x00000000   Number         0  cdrcmple.o ABSOLUTE
    dc.s                                     0x00000000   Number         0  dc.o ABSOLUTE
    handlers.s                               0x00000000   Number         0  handlers.o ABSOLUTE
    init.s                                   0x00000000   Number         0  init.o ABSOLUTE
    startup_stm32f407xx.s                    0x00000000   Number         0  startup_stm32f407xx.o ABSOLUTE
    RESET                                    0x08000000   Section      392  startup_stm32f407xx.o(RESET)
    .ARM.Collect$$$$00000000                 0x08000188   Section        0  entry.o(.ARM.Collect$$$$00000000)
    .ARM.Collect$$$$00000001                 0x08000188   Section        4  entry2.o(.ARM.Collect$$$$00000001)
    .ARM.Collect$$$$00000004                 0x0800018c   Section        4  entry5.o(.ARM.Collect$$$$00000004)
    .ARM.Collect$$$$00000008                 0x08000190   Section        0  entry7b.o(.ARM.Collect$$$$00000008)
    .ARM.Collect$$$$0000000A                 0x08000190   Section        0  entry8b.o(.ARM.Collect$$$$0000000A)
    .ARM.Collect$$$$0000000B                 0x08000190   Section        8  entry9a.o(.ARM.Collect$$$$0000000B)
    .ARM.Collect$$$$0000000D                 0x08000198   Section        0  entry10a.o(.ARM.Collect$$$$0000000D)
    .ARM.Collect$$$$0000000F                 0x08000198   Section        0  entry11a.o(.ARM.Collect$$$$0000000F)
    .ARM.Collect$$$$00002712                 0x08000198   Section        4  entry2.o(.ARM.Collect$$$$00002712)
    __lit__00000000                          0x08000198   Data           4  entry2.o(.ARM.Collect$$$$00002712)
    .text                                    0x0800019c   Section       36  startup_stm32f407xx.o(.text)
    $v0                                      0x0800019c   Number         0  startup_stm32f407xx.o(.text)
    .text                                    0x080001c0   Section        0  uldiv.o(.text)
    .text                                    0x08000222   Section        0  llshl.o(.text)
    .text                                    0x08000240   Section        0  llushr.o(.text)
    .text                                    0x08000260   Section       36  init.o(.text)
    i.CheckRegister                          0x08000284   Section        0  tdc1011.o(i.CheckRegister)
    i.EXTI0_IRQHandler                       0x080003cc   Section        0  stm32f4xx_it.o(i.EXTI0_IRQHandler)
    i.EXTI15_10_IRQHandler                   0x080003d2   Section        0  stm32f4xx_it.o(i.EXTI15_10_IRQHandler)
    i.HAL_DMA_Abort_IT                       0x080003da   Section        0  stm32f4xx_hal_dma.o(i.HAL_DMA_Abort_IT)
    i.HAL_Delay                              0x08000400   Section        0  stm32f4xx_hal.o(i.HAL_Delay)
    i.HAL_GPIO_EXTI_Callback                 0x08000424   Section        0  stm32f4xx_hal_gpio.o(i.HAL_GPIO_EXTI_Callback)
    i.HAL_GPIO_EXTI_IRQHandler               0x08000428   Section        0  stm32f4xx_hal_gpio.o(i.HAL_GPIO_EXTI_IRQHandler)
    i.HAL_GPIO_Init                          0x08000440   Section        0  stm32f4xx_hal_gpio.o(i.HAL_GPIO_Init)
    i.HAL_GPIO_TogglePin                     0x080005f0   Section        0  stm32f4xx_hal_gpio.o(i.HAL_GPIO_TogglePin)
    i.HAL_GPIO_WritePin                      0x080005f8   Section        0  stm32f4xx_hal_gpio.o(i.HAL_GPIO_WritePin)
    i.HAL_GetTick                            0x08000604   Section        0  stm32f4xx_hal.o(i.HAL_GetTick)
    i.HAL_IncTick                            0x08000610   Section        0  stm32f4xx_hal.o(i.HAL_IncTick)
    i.HAL_Init                               0x08000620   Section        0  stm32f4xx_hal.o(i.HAL_Init)
    i.HAL_InitTick                           0x08000654   Section        0  stm32f4xx_hal.o(i.HAL_InitTick)
    i.HAL_MspInit                            0x08000694   Section        0  stm32f4xx_hal_msp.o(i.HAL_MspInit)
    i.HAL_NVIC_EnableIRQ                     0x08000728   Section        0  stm32f4xx_hal_cortex.o(i.HAL_NVIC_EnableIRQ)
    i.HAL_NVIC_SetPriority                   0x08000740   Section        0  stm32f4xx_hal_cortex.o(i.HAL_NVIC_SetPriority)
    i.HAL_NVIC_SetPriorityGrouping           0x08000780   Section        0  stm32f4xx_hal_cortex.o(i.HAL_NVIC_SetPriorityGrouping)
    i.HAL_RCC_ClockConfig                    0x080007a4   Section        0  stm32f4xx_hal_rcc.o(i.HAL_RCC_ClockConfig)
    i.HAL_RCC_GetHCLKFreq                    0x080008d4   Section        0  stm32f4xx_hal_rcc.o(i.HAL_RCC_GetHCLKFreq)
    i.HAL_RCC_GetPCLK1Freq                   0x080008e0   Section        0  stm32f4xx_hal_rcc.o(i.HAL_RCC_GetPCLK1Freq)
    i.HAL_RCC_GetPCLK2Freq                   0x08000900   Section        0  stm32f4xx_hal_rcc.o(i.HAL_RCC_GetPCLK2Freq)
    i.HAL_RCC_GetSysClockFreq                0x08000920   Section        0  stm32f4xx_hal_rcc.o(i.HAL_RCC_GetSysClockFreq)
    i.HAL_RCC_OscConfig                      0x08000980   Section        0  stm32f4xx_hal_rcc.o(i.HAL_RCC_OscConfig)
    i.HAL_SPI_ErrorCallback                  0x08000c9c   Section        0  stm32f4xx_hal_spi.o(i.HAL_SPI_ErrorCallback)
    i.HAL_SPI_GetState                       0x08000c9e   Section        0  stm32f4xx_hal_spi.o(i.HAL_SPI_GetState)
    i.HAL_SPI_IRQHandler                     0x08000ca4   Section        0  stm32f4xx_hal_spi.o(i.HAL_SPI_IRQHandler)
    i.HAL_SPI_Init                           0x08000d78   Section        0  stm32f4xx_hal_spi.o(i.HAL_SPI_Init)
    i.HAL_SPI_MspInit                        0x08000df8   Section        0  stm32f4xx_hal_msp.o(i.HAL_SPI_MspInit)
    i.HAL_SPI_Receive                        0x08000e54   Section        0  stm32f4xx_hal_spi.o(i.HAL_SPI_Receive)
    i.HAL_SPI_Transmit                       0x08000fa4   Section        0  stm32f4xx_hal_spi.o(i.HAL_SPI_Transmit)
    i.HAL_SPI_TransmitReceive                0x0800110c   Section        0  stm32f4xx_hal_spi.o(i.HAL_SPI_TransmitReceive)
    i.HAL_SYSTICK_CLKSourceConfig            0x080012e4   Section        0  stm32f4xx_hal_cortex.o(i.HAL_SYSTICK_CLKSourceConfig)
    i.HAL_SYSTICK_Callback                   0x080012fc   Section        0  stm32f4xx_hal_cortex.o(i.HAL_SYSTICK_Callback)
    i.HAL_SYSTICK_Config                     0x080012fe   Section        0  stm32f4xx_hal_cortex.o(i.HAL_SYSTICK_Config)
    i.HAL_SYSTICK_IRQHandler                 0x08001326   Section        0  stm32f4xx_hal_cortex.o(i.HAL_SYSTICK_IRQHandler)
    i.HAL_UART_Init                          0x0800132e   Section        0  stm32f4xx_hal_uart.o(i.HAL_UART_Init)
    i.HAL_UART_MspInit                       0x08001390   Section        0  stm32f4xx_hal_msp.o(i.HAL_UART_MspInit)
    i.HAL_UART_Transmit                      0x080013dc   Section        0  stm32f4xx_hal_uart.o(i.HAL_UART_Transmit)
    i.MX_GPIO_Init                           0x08001498   Section        0  main.o(i.MX_GPIO_Init)
    MX_GPIO_Init                             0x08001499   Thumb Code   310  main.o(i.MX_GPIO_Init)
    i.MX_SPI1_Init                           0x080015ec   Section        0  main.o(i.MX_SPI1_Init)
    MX_SPI1_Init                             0x080015ed   Thumb Code    56  main.o(i.MX_SPI1_Init)
    i.NVIC_SetPriority                       0x0800162c   Section        0  stm32f4xx_hal_cortex.o(i.NVIC_SetPriority)
    NVIC_SetPriority                         0x0800162d   Thumb Code    32  stm32f4xx_hal_cortex.o(i.NVIC_SetPriority)
    i.PendSV_Handler                         0x0800164c   Section        0  stm32f4xx_it.o(i.PendSV_Handler)
    i.RCC_IRQHandler                         0x0800164e   Section        0  stm32f4xx_it.o(i.RCC_IRQHandler)
    i.ReceiveData                            0x08001650   Section        0  tdc1011.o(i.ReceiveData)
    i.SPI1_IRQHandler                        0x08001690   Section        0  stm32f4xx_it.o(i.SPI1_IRQHandler)
    i.SPI_CheckFlag_BSY                      0x0800169c   Section        0  stm32f4xx_hal_spi.o(i.SPI_CheckFlag_BSY)
    SPI_CheckFlag_BSY                        0x0800169d   Thumb Code    32  stm32f4xx_hal_spi.o(i.SPI_CheckFlag_BSY)
    i.SPI_DMAAbortOnError                    0x080016bc   Section        0  stm32f4xx_hal_spi.o(i.SPI_DMAAbortOnError)
    SPI_DMAAbortOnError                      0x080016bd   Thumb Code    16  stm32f4xx_hal_spi.o(i.SPI_DMAAbortOnError)
    i.SPI_Transmit                           0x080016cc   Section        0  tdc1011.o(i.SPI_Transmit)
    i.SPI_WaitFlagStateUntilTimeout          0x08001708   Section        0  stm32f4xx_hal_spi.o(i.SPI_WaitFlagStateUntilTimeout)
    SPI_WaitFlagStateUntilTimeout            0x08001709   Thumb Code   150  stm32f4xx_hal_spi.o(i.SPI_WaitFlagStateUntilTimeout)
    i.SVC_Handler                            0x0800179e   Section        0  stm32f4xx_it.o(i.SVC_Handler)
    i.SendData                               0x080017a0   Section        0  tdc1011.o(i.SendData)
    i.SysTick_Handler                        0x080017b8   Section        0  stm32f4xx_it.o(i.SysTick_Handler)
    i.SystemClock_Config                     0x080017c8   Section        0  main.o(i.SystemClock_Config)
    i.SystemInit                             0x08001868   Section        0  system_stm32f4xx.o(i.SystemInit)
    i.TDC1011_Config                         0x080018bc   Section        0  tdc1011.o(i.TDC1011_Config)
    i.UART_SetConfig                         0x08001990   Section        0  stm32f4xx_hal_uart.o(i.UART_SetConfig)
    UART_SetConfig                           0x08001991   Thumb Code   676  stm32f4xx_hal_uart.o(i.UART_SetConfig)
    i.UART_WaitOnFlagUntilTimeout            0x08001c3c   Section        0  stm32f4xx_hal_uart.o(i.UART_WaitOnFlagUntilTimeout)
    UART_WaitOnFlagUntilTimeout              0x08001c3d   Thumb Code   100  stm32f4xx_hal_uart.o(i.UART_WaitOnFlagUntilTimeout)
    i.__0printf$5                            0x08001ca0   Section        0  printf5.o(i.__0printf$5)
    i.__scatterload_copy                     0x08001cc0   Section       14  handlers.o(i.__scatterload_copy)
    i.__scatterload_null                     0x08001cce   Section        2  handlers.o(i.__scatterload_null)
    i.__scatterload_zeroinit                 0x08001cd0   Section       14  handlers.o(i.__scatterload_zeroinit)
    i._printf_core                           0x08001ce0   Section        0  printf5.o(i._printf_core)
    _printf_core                             0x08001ce1   Thumb Code   658  printf5.o(i._printf_core)
    i.fputc                                  0x08001fa0   Section        0  main.o(i.fputc)
    i.main                                   0x08001fb8   Section        0  main.o(i.main)
    .constdata                               0x08002048   Section       16  system_stm32f4xx.o(.constdata)
    .constdata                               0x08002058   Section        8  system_stm32f4xx.o(.constdata)
    .data                                    0x20000000   Section       12  stm32f4xx_hal.o(.data)
    .data                                    0x2000000c   Section        4  system_stm32f4xx.o(.data)
    .data                                    0x20000010   Section        4  stdout.o(.data)
    .bss                                     0x20000014   Section      152  main.o(.bss)
    STACK                                    0x200000b0   Section     1024  startup_stm32f407xx.o(STACK)

    Global Symbols

    Symbol Name                              Value     Ov Type        Size  Object(Section)

    BuildAttributes$$THM_ISAv4$E$P$D$K$B$S$7EM$VFPi3$EXTD16$VFPS$VFMA$PE$A:L22UL41UL21$X:L11$S22US41US21$IEEE1$IW$USESV6$~STKCKD$USESV7$~SHL$OSPACE$ROPI$EBA8$MICROLIB$REQ8$PRES8$EABIv2 0x00000000   Number         0  anon$$obj.o ABSOLUTE
    __ARM_use_no_argv                        0x00000000   Number         0  main.o ABSOLUTE
    _printf_a                                0x00000000   Number         0  stubs.o ABSOLUTE
    _printf_c                                0x00000000   Number         0  stubs.o ABSOLUTE
    _printf_charcount                        0x00000000   Number         0  stubs.o ABSOLUTE
    _printf_d                                0x00000000   Number         0  stubs.o ABSOLUTE
    _printf_e                                0x00000000   Number         0  stubs.o ABSOLUTE
    _printf_f                                0x00000000   Number         0  stubs.o ABSOLUTE
    _printf_flags                            0x00000000   Number         0  stubs.o ABSOLUTE
    _printf_fp_dec                           0x00000000   Number         0  stubs.o ABSOLUTE
    _printf_fp_hex                           0x00000000   Number         0  stubs.o ABSOLUTE
    _printf_g                                0x00000000   Number         0  stubs.o ABSOLUTE
    _printf_i                                0x00000000   Number         0  stubs.o ABSOLUTE
    _printf_int_dec                          0x00000000   Number         0  stubs.o ABSOLUTE
    _printf_l                                0x00000000   Number         0  stubs.o ABSOLUTE
    _printf_lc                               0x00000000   Number         0  stubs.o ABSOLUTE
    _printf_ll                               0x00000000   Number         0  stubs.o ABSOLUTE
    _printf_lld                              0x00000000   Number         0  stubs.o ABSOLUTE
    _printf_lli                              0x00000000   Number         0  stubs.o ABSOLUTE
    _printf_llo                              0x00000000   Number         0  stubs.o ABSOLUTE
    _printf_llu                              0x00000000   Number         0  stubs.o ABSOLUTE
    _printf_llx                              0x00000000   Number         0  stubs.o ABSOLUTE
    _printf_longlong_dec                     0x00000000   Number         0  stubs.o ABSOLUTE
    _printf_longlong_hex                     0x00000000   Number         0  stubs.o ABSOLUTE
    _printf_longlong_oct                     0x00000000   Number         0  stubs.o ABSOLUTE
    _printf_ls                               0x00000000   Number         0  stubs.o ABSOLUTE
    _printf_mbtowc                           0x00000000   Number         0  stubs.o ABSOLUTE
    _printf_n                                0x00000000   Number         0  stubs.o ABSOLUTE
    _printf_o                                0x00000000   Number         0  stubs.o ABSOLUTE
    _printf_p                                0x00000000   Number         0  stubs.o ABSOLUTE
    _printf_percent                          0x00000000   Number         0  stubs.o ABSOLUTE
    _printf_pre_padding                      0x00000000   Number         0  stubs.o ABSOLUTE
    _printf_return_value                     0x00000000   Number         0  stubs.o ABSOLUTE
    _printf_s                                0x00000000   Number         0  stubs.o ABSOLUTE
    _printf_sizespec                         0x00000000   Number         0  stubs.o ABSOLUTE
    _printf_str                              0x00000000   Number         0  stubs.o ABSOLUTE
    _printf_truncate_signed                  0x00000000   Number         0  stubs.o ABSOLUTE
    _printf_truncate_unsigned                0x00000000   Number         0  stubs.o ABSOLUTE
    _printf_u                                0x00000000   Number         0  stubs.o ABSOLUTE
    _printf_wc                               0x00000000   Number         0  stubs.o ABSOLUTE
    _printf_wctomb                           0x00000000   Number         0  stubs.o ABSOLUTE
    _printf_widthprec                        0x00000000   Number         0  stubs.o ABSOLUTE
    _printf_x                                0x00000000   Number         0  stubs.o ABSOLUTE
    __cpp_initialize__aeabi_                  - Undefined Weak Reference
    __cxa_finalize                            - Undefined Weak Reference
    __decompress                              - Undefined Weak Reference
    _clock_init                               - Undefined Weak Reference
    _microlib_exit                            - Undefined Weak Reference
    __Vectors_Size                           0x00000188   Number         0  startup_stm32f407xx.o ABSOLUTE
    __Vectors                                0x08000000   Data           4  startup_stm32f407xx.o(RESET)
    __Vectors_End                            0x08000188   Data           0  startup_stm32f407xx.o(RESET)
    __main                                   0x08000189   Thumb Code     0  entry.o(.ARM.Collect$$$$00000000)
    _main_stk                                0x08000189   Thumb Code     0  entry2.o(.ARM.Collect$$$$00000001)
    _main_scatterload                        0x0800018d   Thumb Code     0  entry5.o(.ARM.Collect$$$$00000004)
    __main_after_scatterload                 0x08000191   Thumb Code     0  entry5.o(.ARM.Collect$$$$00000004)
    _main_clock                              0x08000191   Thumb Code     0  entry7b.o(.ARM.Collect$$$$00000008)
    _main_cpp_init                           0x08000191   Thumb Code     0  entry8b.o(.ARM.Collect$$$$0000000A)
    _main_init                               0x08000191   Thumb Code     0  entry9a.o(.ARM.Collect$$$$0000000B)
    __rt_final_cpp                           0x08000199   Thumb Code     0  entry10a.o(.ARM.Collect$$$$0000000D)
    __rt_final_exit                          0x08000199   Thumb Code     0  entry11a.o(.ARM.Collect$$$$0000000F)
    Reset_Handler                            0x0800019d   Thumb Code     8  startup_stm32f407xx.o(.text)
    NMI_Handler                              0x080001a5   Thumb Code     2  startup_stm32f407xx.o(.text)
    HardFault_Handler                        0x080001a7   Thumb Code     2  startup_stm32f407xx.o(.text)
    MemManage_Handler                        0x080001a9   Thumb Code     2  startup_stm32f407xx.o(.text)
    BusFault_Handler                         0x080001ab   Thumb Code     2  startup_stm32f407xx.o(.text)
    UsageFault_Handler                       0x080001ad   Thumb Code     2  startup_stm32f407xx.o(.text)
    DebugMon_Handler                         0x080001b1   Thumb Code     2  startup_stm32f407xx.o(.text)
    ADC_IRQHandler                           0x080001b7   Thumb Code     0  startup_stm32f407xx.o(.text)
    CAN1_RX0_IRQHandler                      0x080001b7   Thumb Code     0  startup_stm32f407xx.o(.text)
    CAN1_RX1_IRQHandler                      0x080001b7   Thumb Code     0  startup_stm32f407xx.o(.text)
    CAN1_SCE_IRQHandler                      0x080001b7   Thumb Code     0  startup_stm32f407xx.o(.text)
    CAN1_TX_IRQHandler                       0x080001b7   Thumb Code     0  startup_stm32f407xx.o(.text)
    CAN2_RX0_IRQHandler                      0x080001b7   Thumb Code     0  startup_stm32f407xx.o(.text)
    CAN2_RX1_IRQHandler                      0x080001b7   Thumb Code     0  startup_stm32f407xx.o(.text)
    CAN2_SCE_IRQHandler                      0x080001b7   Thumb Code     0  startup_stm32f407xx.o(.text)
    CAN2_TX_IRQHandler                       0x080001b7   Thumb Code     0  startup_stm32f407xx.o(.text)
    DCMI_IRQHandler                          0x080001b7   Thumb Code     0  startup_stm32f407xx.o(.text)
    DMA1_Stream0_IRQHandler                  0x080001b7   Thumb Code     0  startup_stm32f407xx.o(.text)
    DMA1_Stream1_IRQHandler                  0x080001b7   Thumb Code     0  startup_stm32f407xx.o(.text)
    DMA1_Stream2_IRQHandler                  0x080001b7   Thumb Code     0  startup_stm32f407xx.o(.text)
    DMA1_Stream3_IRQHandler                  0x080001b7   Thumb Code     0  startup_stm32f407xx.o(.text)
    DMA1_Stream4_IRQHandler                  0x080001b7   Thumb Code     0  startup_stm32f407xx.o(.text)
    DMA1_Stream5_IRQHandler                  0x080001b7   Thumb Code     0  startup_stm32f407xx.o(.text)
    DMA1_Stream6_IRQHandler                  0x080001b7   Thumb Code     0  startup_stm32f407xx.o(.text)
    DMA1_Stream7_IRQHandler                  0x080001b7   Thumb Code     0  startup_stm32f407xx.o(.text)
    DMA2_Stream0_IRQHandler                  0x080001b7   Thumb Code     0  startup_stm32f407xx.o(.text)
    DMA2_Stream1_IRQHandler                  0x080001b7   Thumb Code     0  startup_stm32f407xx.o(.text)
    DMA2_Stream2_IRQHandler                  0x080001b7   Thumb Code     0  startup_stm32f407xx.o(.text)
    DMA2_Stream3_IRQHandler                  0x080001b7   Thumb Code     0  startup_stm32f407xx.o(.text)
    DMA2_Stream4_IRQHandler                  0x080001b7   Thumb Code     0  startup_stm32f407xx.o(.text)
    DMA2_Stream5_IRQHandler                  0x080001b7   Thumb Code     0  startup_stm32f407xx.o(.text)
    DMA2_Stream6_IRQHandler                  0x080001b7   Thumb Code     0  startup_stm32f407xx.o(.text)
    DMA2_Stream7_IRQHandler                  0x080001b7   Thumb Code     0  startup_stm32f407xx.o(.text)
    ETH_IRQHandler                           0x080001b7   Thumb Code     0  startup_stm32f407xx.o(.text)
    ETH_WKUP_IRQHandler                      0x080001b7   Thumb Code     0  startup_stm32f407xx.o(.text)
    EXTI1_IRQHandler                         0x080001b7   Thumb Code     0  startup_stm32f407xx.o(.text)
    EXTI2_IRQHandler                         0x080001b7   Thumb Code     0  startup_stm32f407xx.o(.text)
    EXTI3_IRQHandler                         0x080001b7   Thumb Code     0  startup_stm32f407xx.o(.text)
    EXTI4_IRQHandler                         0x080001b7   Thumb Code     0  startup_stm32f407xx.o(.text)
    EXTI9_5_IRQHandler                       0x080001b7   Thumb Code     0  startup_stm32f407xx.o(.text)
    FLASH_IRQHandler                         0x080001b7   Thumb Code     0  startup_stm32f407xx.o(.text)
    FMC_IRQHandler                           0x080001b7   Thumb Code     0  startup_stm32f407xx.o(.text)
    FPU_IRQHandler                           0x080001b7   Thumb Code     0  startup_stm32f407xx.o(.text)
    HASH_RNG_IRQHandler                      0x080001b7   Thumb Code     0  startup_stm32f407xx.o(.text)
    I2C1_ER_IRQHandler                       0x080001b7   Thumb Code     0  startup_stm32f407xx.o(.text)
    I2C1_EV_IRQHandler                       0x080001b7   Thumb Code     0  startup_stm32f407xx.o(.text)
    I2C2_ER_IRQHandler                       0x080001b7   Thumb Code     0  startup_stm32f407xx.o(.text)
    I2C2_EV_IRQHandler                       0x080001b7   Thumb Code     0  startup_stm32f407xx.o(.text)
    I2C3_ER_IRQHandler                       0x080001b7   Thumb Code     0  startup_stm32f407xx.o(.text)
    I2C3_EV_IRQHandler                       0x080001b7   Thumb Code     0  startup_stm32f407xx.o(.text)
    OTG_FS_IRQHandler                        0x080001b7   Thumb Code     0  startup_stm32f407xx.o(.text)
    OTG_FS_WKUP_IRQHandler                   0x080001b7   Thumb Code     0  startup_stm32f407xx.o(.text)
    OTG_HS_EP1_IN_IRQHandler                 0x080001b7   Thumb Code     0  startup_stm32f407xx.o(.text)
    OTG_HS_EP1_OUT_IRQHandler                0x080001b7   Thumb Code     0  startup_stm32f407xx.o(.text)
    OTG_HS_IRQHandler                        0x080001b7   Thumb Code     0  startup_stm32f407xx.o(.text)
    OTG_HS_WKUP_IRQHandler                   0x080001b7   Thumb Code     0  startup_stm32f407xx.o(.text)
    PVD_IRQHandler                           0x080001b7   Thumb Code     0  startup_stm32f407xx.o(.text)
    RTC_Alarm_IRQHandler                     0x080001b7   Thumb Code     0  startup_stm32f407xx.o(.text)
    RTC_WKUP_IRQHandler                      0x080001b7   Thumb Code     0  startup_stm32f407xx.o(.text)
    SDIO_IRQHandler                          0x080001b7   Thumb Code     0  startup_stm32f407xx.o(.text)
    SPI2_IRQHandler                          0x080001b7   Thumb Code     0  startup_stm32f407xx.o(.text)
    SPI3_IRQHandler                          0x080001b7   Thumb Code     0  startup_stm32f407xx.o(.text)
    TAMP_STAMP_IRQHandler                    0x080001b7   Thumb Code     0  startup_stm32f407xx.o(.text)
    TIM1_BRK_TIM9_IRQHandler                 0x080001b7   Thumb Code     0  startup_stm32f407xx.o(.text)
    TIM1_CC_IRQHandler                       0x080001b7   Thumb Code     0  startup_stm32f407xx.o(.text)
    TIM1_TRG_COM_TIM11_IRQHandler            0x080001b7   Thumb Code     0  startup_stm32f407xx.o(.text)
    TIM1_UP_TIM10_IRQHandler                 0x080001b7   Thumb Code     0  startup_stm32f407xx.o(.text)
    TIM2_IRQHandler                          0x080001b7   Thumb Code     0  startup_stm32f407xx.o(.text)
    TIM3_IRQHandler                          0x080001b7   Thumb Code     0  startup_stm32f407xx.o(.text)
    TIM4_IRQHandler                          0x080001b7   Thumb Code     0  startup_stm32f407xx.o(.text)
    TIM5_IRQHandler                          0x080001b7   Thumb Code     0  startup_stm32f407xx.o(.text)
    TIM6_DAC_IRQHandler                      0x080001b7   Thumb Code     0  startup_stm32f407xx.o(.text)
    TIM7_IRQHandler                          0x080001b7   Thumb Code     0  startup_stm32f407xx.o(.text)
    TIM8_BRK_TIM12_IRQHandler                0x080001b7   Thumb Code     0  startup_stm32f407xx.o(.text)
    TIM8_CC_IRQHandler                       0x080001b7   Thumb Code     0  startup_stm32f407xx.o(.text)
    TIM8_TRG_COM_TIM14_IRQHandler            0x080001b7   Thumb Code     0  startup_stm32f407xx.o(.text)
    TIM8_UP_TIM13_IRQHandler                 0x080001b7   Thumb Code     0  startup_stm32f407xx.o(.text)
    UART4_IRQHandler                         0x080001b7   Thumb Code     0  startup_stm32f407xx.o(.text)
    UART5_IRQHandler                         0x080001b7   Thumb Code     0  startup_stm32f407xx.o(.text)
    USART1_IRQHandler                        0x080001b7   Thumb Code     0  startup_stm32f407xx.o(.text)
    USART2_IRQHandler                        0x080001b7   Thumb Code     0  startup_stm32f407xx.o(.text)
    USART3_IRQHandler                        0x080001b7   Thumb Code     0  startup_stm32f407xx.o(.text)
    USART6_IRQHandler                        0x080001b7   Thumb Code     0  startup_stm32f407xx.o(.text)
    WWDG_IRQHandler                          0x080001b7   Thumb Code     0  startup_stm32f407xx.o(.text)
    __aeabi_uldivmod                         0x080001c1   Thumb Code    98  uldiv.o(.text)
    __aeabi_llsl                             0x08000223   Thumb Code    30  llshl.o(.text)
    _ll_shift_l                              0x08000223   Thumb Code     0  llshl.o(.text)
    __aeabi_llsr                             0x08000241   Thumb Code    32  llushr.o(.text)
    _ll_ushift_r                             0x08000241   Thumb Code     0  llushr.o(.text)
    __scatterload                            0x08000261   Thumb Code    28  init.o(.text)
    __scatterload_rt2                        0x08000261   Thumb Code     0  init.o(.text)
    CheckRegister                            0x08000285   Thumb Code   166  tdc1011.o(i.CheckRegister)
    EXTI0_IRQHandler                         0x080003cd   Thumb Code     6  stm32f4xx_it.o(i.EXTI0_IRQHandler)
    EXTI15_10_IRQHandler                     0x080003d3   Thumb Code     8  stm32f4xx_it.o(i.EXTI15_10_IRQHandler)
    HAL_DMA_Abort_IT                         0x080003db   Thumb Code    36  stm32f4xx_hal_dma.o(i.HAL_DMA_Abort_IT)
    HAL_Delay                                0x08000401   Thumb Code    32  stm32f4xx_hal.o(i.HAL_Delay)
    HAL_GPIO_EXTI_Callback                   0x08000425   Thumb Code     2  stm32f4xx_hal_gpio.o(i.HAL_GPIO_EXTI_Callback)
    HAL_GPIO_EXTI_IRQHandler                 0x08000429   Thumb Code    18  stm32f4xx_hal_gpio.o(i.HAL_GPIO_EXTI_IRQHandler)
    HAL_GPIO_Init                            0x08000441   Thumb Code   388  stm32f4xx_hal_gpio.o(i.HAL_GPIO_Init)
    HAL_GPIO_TogglePin                       0x080005f1   Thumb Code     8  stm32f4xx_hal_gpio.o(i.HAL_GPIO_TogglePin)
    HAL_GPIO_WritePin                        0x080005f9   Thumb Code    10  stm32f4xx_hal_gpio.o(i.HAL_GPIO_WritePin)
    HAL_GetTick                              0x08000605   Thumb Code     6  stm32f4xx_hal.o(i.HAL_GetTick)
    HAL_IncTick                              0x08000611   Thumb Code    12  stm32f4xx_hal.o(i.HAL_IncTick)
    HAL_Init                                 0x08000621   Thumb Code    48  stm32f4xx_hal.o(i.HAL_Init)
    HAL_InitTick                             0x08000655   Thumb Code    54  stm32f4xx_hal.o(i.HAL_InitTick)
    HAL_MspInit                              0x08000695   Thumb Code   142  stm32f4xx_hal_msp.o(i.HAL_MspInit)
    HAL_NVIC_EnableIRQ                       0x08000729   Thumb Code    22  stm32f4xx_hal_cortex.o(i.HAL_NVIC_EnableIRQ)
    HAL_NVIC_SetPriority                     0x08000741   Thumb Code    60  stm32f4xx_hal_cortex.o(i.HAL_NVIC_SetPriority)
    HAL_NVIC_SetPriorityGrouping             0x08000781   Thumb Code    26  stm32f4xx_hal_cortex.o(i.HAL_NVIC_SetPriorityGrouping)
    HAL_RCC_ClockConfig                      0x080007a5   Thumb Code   286  stm32f4xx_hal_rcc.o(i.HAL_RCC_ClockConfig)
    HAL_RCC_GetHCLKFreq                      0x080008d5   Thumb Code     6  stm32f4xx_hal_rcc.o(i.HAL_RCC_GetHCLKFreq)
    HAL_RCC_GetPCLK1Freq                     0x080008e1   Thumb Code    20  stm32f4xx_hal_rcc.o(i.HAL_RCC_GetPCLK1Freq)
    HAL_RCC_GetPCLK2Freq                     0x08000901   Thumb Code    20  stm32f4xx_hal_rcc.o(i.HAL_RCC_GetPCLK2Freq)
    HAL_RCC_GetSysClockFreq                  0x08000921   Thumb Code    88  stm32f4xx_hal_rcc.o(i.HAL_RCC_GetSysClockFreq)
    HAL_RCC_OscConfig                        0x08000981   Thumb Code   770  stm32f4xx_hal_rcc.o(i.HAL_RCC_OscConfig)
    HAL_SPI_ErrorCallback                    0x08000c9d   Thumb Code     2  stm32f4xx_hal_spi.o(i.HAL_SPI_ErrorCallback)
    HAL_SPI_GetState                         0x08000c9f   Thumb Code     6  stm32f4xx_hal_spi.o(i.HAL_SPI_GetState)
    HAL_SPI_IRQHandler                       0x08000ca5   Thumb Code   208  stm32f4xx_hal_spi.o(i.HAL_SPI_IRQHandler)
    HAL_SPI_Init                             0x08000d79   Thumb Code   128  stm32f4xx_hal_spi.o(i.HAL_SPI_Init)
    HAL_SPI_MspInit                          0x08000df9   Thumb Code    78  stm32f4xx_hal_msp.o(i.HAL_SPI_MspInit)
    HAL_SPI_Receive                          0x08000e55   Thumb Code   336  stm32f4xx_hal_spi.o(i.HAL_SPI_Receive)
    HAL_SPI_Transmit                         0x08000fa5   Thumb Code   360  stm32f4xx_hal_spi.o(i.HAL_SPI_Transmit)
    HAL_SPI_TransmitReceive                  0x0800110d   Thumb Code   472  stm32f4xx_hal_spi.o(i.HAL_SPI_TransmitReceive)
    HAL_SYSTICK_CLKSourceConfig              0x080012e5   Thumb Code    24  stm32f4xx_hal_cortex.o(i.HAL_SYSTICK_CLKSourceConfig)
    HAL_SYSTICK_Callback                     0x080012fd   Thumb Code     2  stm32f4xx_hal_cortex.o(i.HAL_SYSTICK_Callback)
    HAL_SYSTICK_Config                       0x080012ff   Thumb Code    40  stm32f4xx_hal_cortex.o(i.HAL_SYSTICK_Config)
    HAL_SYSTICK_IRQHandler                   0x08001327   Thumb Code     8  stm32f4xx_hal_cortex.o(i.HAL_SYSTICK_IRQHandler)
    HAL_UART_Init                            0x0800132f   Thumb Code    98  stm32f4xx_hal_uart.o(i.HAL_UART_Init)
    HAL_UART_MspInit                         0x08001391   Thumb Code    62  stm32f4xx_hal_msp.o(i.HAL_UART_MspInit)
    HAL_UART_Transmit                        0x080013dd   Thumb Code   186  stm32f4xx_hal_uart.o(i.HAL_UART_Transmit)
    PendSV_Handler                           0x0800164d   Thumb Code     2  stm32f4xx_it.o(i.PendSV_Handler)
    RCC_IRQHandler                           0x0800164f   Thumb Code     2  stm32f4xx_it.o(i.RCC_IRQHandler)
    ReceiveData                              0x08001651   Thumb Code    60  tdc1011.o(i.ReceiveData)
    SPI1_IRQHandler                          0x08001691   Thumb Code     6  stm32f4xx_it.o(i.SPI1_IRQHandler)
    SPI_Transmit                             0x080016cd   Thumb Code    54  tdc1011.o(i.SPI_Transmit)
    SVC_Handler                              0x0800179f   Thumb Code     2  stm32f4xx_it.o(i.SVC_Handler)
    SendData                                 0x080017a1   Thumb Code    24  tdc1011.o(i.SendData)
    SysTick_Handler                          0x080017b9   Thumb Code    14  stm32f4xx_it.o(i.SysTick_Handler)
    SystemClock_Config                       0x080017c9   Thumb Code   152  main.o(i.SystemClock_Config)
    SystemInit                               0x08001869   Thumb Code    66  system_stm32f4xx.o(i.SystemInit)
    TDC1011_Config                           0x080018bd   Thumb Code   188  tdc1011.o(i.TDC1011_Config)
    __0printf$5                              0x08001ca1   Thumb Code    22  printf5.o(i.__0printf$5)
    __1printf$5                              0x08001ca1   Thumb Code     0  printf5.o(i.__0printf$5)
    __2printf                                0x08001ca1   Thumb Code     0  printf5.o(i.__0printf$5)
    __scatterload_copy                       0x08001cc1   Thumb Code    14  handlers.o(i.__scatterload_copy)
    __scatterload_null                       0x08001ccf   Thumb Code     2  handlers.o(i.__scatterload_null)
    __scatterload_zeroinit                   0x08001cd1   Thumb Code    14  handlers.o(i.__scatterload_zeroinit)
    fputc                                    0x08001fa1   Thumb Code    18  main.o(i.fputc)
    main                                     0x08001fb9   Thumb Code   132  main.o(i.main)
    AHBPrescTable                            0x08002048   Data          16  system_stm32f4xx.o(.constdata)
    APBPrescTable                            0x08002058   Data           8  system_stm32f4xx.o(.constdata)
    Region$$Table$$Base                      0x08002060   Number         0  anon$$obj.o(Region$$Table)
    Region$$Table$$Limit                     0x08002080   Number         0  anon$$obj.o(Region$$Table)
    uwTickFreq                               0x20000000   Data           1  stm32f4xx_hal.o(.data)
    uwTickPrio                               0x20000004   Data           4  stm32f4xx_hal.o(.data)
    uwTick                                   0x20000008   Data           4  stm32f4xx_hal.o(.data)
    SystemCoreClock                          0x2000000c   Data           4  system_stm32f4xx.o(.data)
    __stdout                                 0x20000010   Data           4  stdout.o(.data)
    hspi1                                    0x20000014   Data          88  main.o(.bss)
    huart2                                   0x2000006c   Data          64  main.o(.bss)
    __initial_sp                             0x200004b0   Data           0  startup_stm32f407xx.o(STACK)



==============================================================================

Memory Map of the image

  Image Entry point : 0x08000189

  Load Region LR_IROM1 (Base: 0x08000000, Size: 0x00002094, Max: 0x00100000, ABSOLUTE)

    Execution Region ER_IROM1 (Exec base: 0x08000000, Load base: 0x08000000, Size: 0x00002080, Max: 0x00100000, ABSOLUTE)

    Exec Addr    Load Addr    Size         Type   Attr      Idx    E Section Name        Object

    0x08000000   0x08000000   0x00000188   Data   RO            3    RESET               startup_stm32f407xx.o
    0x08000188   0x08000188   0x00000000   Code   RO         2083  * .ARM.Collect$$$$00000000  mc_w.l(entry.o)
    0x08000188   0x08000188   0x00000004   Code   RO         2349    .ARM.Collect$$$$00000001  mc_w.l(entry2.o)
    0x0800018c   0x0800018c   0x00000004   Code   RO         2352    .ARM.Collect$$$$00000004  mc_w.l(entry5.o)
    0x08000190   0x08000190   0x00000000   Code   RO         2354    .ARM.Collect$$$$00000008  mc_w.l(entry7b.o)
    0x08000190   0x08000190   0x00000000   Code   RO         2356    .ARM.Collect$$$$0000000A  mc_w.l(entry8b.o)
    0x08000190   0x08000190   0x00000008   Code   RO         2357    .ARM.Collect$$$$0000000B  mc_w.l(entry9a.o)
    0x08000198   0x08000198   0x00000000   Code   RO         2359    .ARM.Collect$$$$0000000D  mc_w.l(entry10a.o)
    0x08000198   0x08000198   0x00000000   Code   RO         2361    .ARM.Collect$$$$0000000F  mc_w.l(entry11a.o)
    0x08000198   0x08000198   0x00000004   Code   RO         2350    .ARM.Collect$$$$00002712  mc_w.l(entry2.o)
    0x0800019c   0x0800019c   0x00000024   Code   RO            4    .text               startup_stm32f407xx.o
    0x080001c0   0x080001c0   0x00000062   Code   RO         2086    .text               mc_w.l(uldiv.o)
    0x08000222   0x08000222   0x0000001e   Code   RO         2366    .text               mc_w.l(llshl.o)
    0x08000240   0x08000240   0x00000020   Code   RO         2368    .text               mc_w.l(llushr.o)
    0x08000260   0x08000260   0x00000024   Code   RO         2381    .text               mc_w.l(init.o)
    0x08000284   0x08000284   0x00000148   Code   RO           13    i.CheckRegister     tdc1011.o
    0x080003cc   0x080003cc   0x00000006   Code   RO          212    i.EXTI0_IRQHandler  stm32f4xx_it.o
    0x080003d2   0x080003d2   0x00000008   Code   RO          213    i.EXTI15_10_IRQHandler  stm32f4xx_it.o
    0x080003da   0x080003da   0x00000024   Code   RO         1466    i.HAL_DMA_Abort_IT  stm32f4xx_hal_dma.o
    0x080003fe   0x080003fe   0x00000002   PAD
    0x08000400   0x08000400   0x00000024   Code   RO         1884    i.HAL_Delay         stm32f4xx_hal.o
    0x08000424   0x08000424   0x00000002   Code   RO         1356    i.HAL_GPIO_EXTI_Callback  stm32f4xx_hal_gpio.o
    0x08000426   0x08000426   0x00000002   PAD
    0x08000428   0x08000428   0x00000018   Code   RO         1357    i.HAL_GPIO_EXTI_IRQHandler  stm32f4xx_hal_gpio.o
    0x08000440   0x08000440   0x000001b0   Code   RO         1358    i.HAL_GPIO_Init     stm32f4xx_hal_gpio.o
    0x080005f0   0x080005f0   0x00000008   Code   RO         1361    i.HAL_GPIO_TogglePin  stm32f4xx_hal_gpio.o
    0x080005f8   0x080005f8   0x0000000a   Code   RO         1362    i.HAL_GPIO_WritePin  stm32f4xx_hal_gpio.o
    0x08000602   0x08000602   0x00000002   PAD
    0x08000604   0x08000604   0x0000000c   Code   RO         1890    i.HAL_GetTick       stm32f4xx_hal.o
    0x08000610   0x08000610   0x00000010   Code   RO         1894    i.HAL_IncTick       stm32f4xx_hal.o
    0x08000620   0x08000620   0x00000034   Code   RO         1895    i.HAL_Init          stm32f4xx_hal.o
    0x08000654   0x08000654   0x00000040   Code   RO         1896    i.HAL_InitTick      stm32f4xx_hal.o
    0x08000694   0x08000694   0x00000094   Code   RO          276    i.HAL_MspInit       stm32f4xx_hal_msp.o
    0x08000728   0x08000728   0x00000016   Code   RO         1747    i.HAL_NVIC_EnableIRQ  stm32f4xx_hal_cortex.o
    0x0800073e   0x0800073e   0x00000002   PAD
    0x08000740   0x08000740   0x00000040   Code   RO         1753    i.HAL_NVIC_SetPriority  stm32f4xx_hal_cortex.o
    0x08000780   0x08000780   0x00000024   Code   RO         1754    i.HAL_NVIC_SetPriorityGrouping  stm32f4xx_hal_cortex.o
    0x080007a4   0x080007a4   0x00000130   Code   RO         1004    i.HAL_RCC_ClockConfig  stm32f4xx_hal_rcc.o
    0x080008d4   0x080008d4   0x0000000c   Code   RO         1009    i.HAL_RCC_GetHCLKFreq  stm32f4xx_hal_rcc.o
    0x080008e0   0x080008e0   0x00000020   Code   RO         1011    i.HAL_RCC_GetPCLK1Freq  stm32f4xx_hal_rcc.o
    0x08000900   0x08000900   0x00000020   Code   RO         1012    i.HAL_RCC_GetPCLK2Freq  stm32f4xx_hal_rcc.o
    0x08000920   0x08000920   0x00000060   Code   RO         1013    i.HAL_RCC_GetSysClockFreq  stm32f4xx_hal_rcc.o
    0x08000980   0x08000980   0x0000031c   Code   RO         1016    i.HAL_RCC_OscConfig  stm32f4xx_hal_rcc.o
    0x08000c9c   0x08000c9c   0x00000002   Code   RO          331    i.HAL_SPI_ErrorCallback  stm32f4xx_hal_spi.o
    0x08000c9e   0x08000c9e   0x00000006   Code   RO          333    i.HAL_SPI_GetState  stm32f4xx_hal_spi.o
    0x08000ca4   0x08000ca4   0x000000d4   Code   RO          334    i.HAL_SPI_IRQHandler  stm32f4xx_hal_spi.o
    0x08000d78   0x08000d78   0x00000080   Code   RO          335    i.HAL_SPI_Init      stm32f4xx_hal_spi.o
    0x08000df8   0x08000df8   0x0000005c   Code   RO          278    i.HAL_SPI_MspInit   stm32f4xx_hal_msp.o
    0x08000e54   0x08000e54   0x00000150   Code   RO          338    i.HAL_SPI_Receive   stm32f4xx_hal_spi.o
    0x08000fa4   0x08000fa4   0x00000168   Code   RO          343    i.HAL_SPI_Transmit  stm32f4xx_hal_spi.o
    0x0800110c   0x0800110c   0x000001d8   Code   RO          344    i.HAL_SPI_TransmitReceive  stm32f4xx_hal_spi.o
    0x080012e4   0x080012e4   0x00000018   Code   RO         1756    i.HAL_SYSTICK_CLKSourceConfig  stm32f4xx_hal_cortex.o
    0x080012fc   0x080012fc   0x00000002   Code   RO         1757    i.HAL_SYSTICK_Callback  stm32f4xx_hal_cortex.o
    0x080012fe   0x080012fe   0x00000028   Code   RO         1758    i.HAL_SYSTICK_Config  stm32f4xx_hal_cortex.o
    0x08001326   0x08001326   0x00000008   Code   RO         1759    i.HAL_SYSTICK_IRQHandler  stm32f4xx_hal_cortex.o
    0x0800132e   0x0800132e   0x00000062   Code   RO          702    i.HAL_UART_Init     stm32f4xx_hal_uart.o
    0x08001390   0x08001390   0x0000004c   Code   RO          280    i.HAL_UART_MspInit  stm32f4xx_hal_msp.o
    0x080013dc   0x080013dc   0x000000ba   Code   RO          710    i.HAL_UART_Transmit  stm32f4xx_hal_uart.o
    0x08001496   0x08001496   0x00000002   PAD
    0x08001498   0x08001498   0x00000154   Code   RO          154    i.MX_GPIO_Init      main.o
    0x080015ec   0x080015ec   0x00000040   Code   RO          155    i.MX_SPI1_Init      main.o
    0x0800162c   0x0800162c   0x00000020   Code   RO         1760    i.NVIC_SetPriority  stm32f4xx_hal_cortex.o
    0x0800164c   0x0800164c   0x00000002   Code   RO          214    i.PendSV_Handler    stm32f4xx_it.o
    0x0800164e   0x0800164e   0x00000002   Code   RO          215    i.RCC_IRQHandler    stm32f4xx_it.o
    0x08001650   0x08001650   0x00000040   Code   RO           14    i.ReceiveData       tdc1011.o
    0x08001690   0x08001690   0x0000000c   Code   RO          216    i.SPI1_IRQHandler   stm32f4xx_it.o
    0x0800169c   0x0800169c   0x00000020   Code   RO          359    i.SPI_CheckFlag_BSY  stm32f4xx_hal_spi.o
    0x080016bc   0x080016bc   0x00000010   Code   RO          363    i.SPI_DMAAbortOnError  stm32f4xx_hal_spi.o
    0x080016cc   0x080016cc   0x0000003c   Code   RO           15    i.SPI_Transmit      tdc1011.o
    0x08001708   0x08001708   0x00000096   Code   RO          377    i.SPI_WaitFlagStateUntilTimeout  stm32f4xx_hal_spi.o
    0x0800179e   0x0800179e   0x00000002   Code   RO          217    i.SVC_Handler       stm32f4xx_it.o
    0x080017a0   0x080017a0   0x00000018   Code   RO           16    i.SendData          tdc1011.o
    0x080017b8   0x080017b8   0x0000000e   Code   RO          218    i.SysTick_Handler   stm32f4xx_it.o
    0x080017c6   0x080017c6   0x00000002   PAD
    0x080017c8   0x080017c8   0x000000a0   Code   RO          156    i.SystemClock_Config  main.o
    0x08001868   0x08001868   0x00000054   Code   RO         2049    i.SystemInit        system_stm32f4xx.o
    0x080018bc   0x080018bc   0x000000d4   Code   RO           17    i.TDC1011_Config    tdc1011.o
    0x08001990   0x08001990   0x000002ac   Code   RO          728    i.UART_SetConfig    stm32f4xx_hal_uart.o
    0x08001c3c   0x08001c3c   0x00000064   Code   RO          730    i.UART_WaitOnFlagUntilTimeout  stm32f4xx_hal_uart.o
    0x08001ca0   0x08001ca0   0x00000020   Code   RO         2221    i.__0printf$5       mc_w.l(printf5.o)
    0x08001cc0   0x08001cc0   0x0000000e   Code   RO         2389    i.__scatterload_copy  mc_w.l(handlers.o)
    0x08001cce   0x08001cce   0x00000002   Code   RO         2390    i.__scatterload_null  mc_w.l(handlers.o)
    0x08001cd0   0x08001cd0   0x0000000e   Code   RO         2391    i.__scatterload_zeroinit  mc_w.l(handlers.o)
    0x08001cde   0x08001cde   0x00000002   PAD
    0x08001ce0   0x08001ce0   0x000002c0   Code   RO         2228    i._printf_core      mc_w.l(printf5.o)
    0x08001fa0   0x08001fa0   0x00000018   Code   RO          158    i.fputc             main.o
    0x08001fb8   0x08001fb8   0x00000090   Code   RO          159    i.main              main.o
    0x08002048   0x08002048   0x00000010   Data   RO         2050    .constdata          system_stm32f4xx.o
    0x08002058   0x08002058   0x00000008   Data   RO         2051    .constdata          system_stm32f4xx.o
    0x08002060   0x08002060   0x00000020   Data   RO         2387    Region$$Table       anon$$obj.o


    Execution Region RW_IRAM1 (Exec base: 0x20000000, Load base: 0x08002080, Size: 0x000004b0, Max: 0x00020000, ABSOLUTE)

    Exec Addr    Load Addr    Size         Type   Attr      Idx    E Section Name        Object

    0x20000000   0x08002080   0x0000000c   Data   RW         1902    .data               stm32f4xx_hal.o
    0x2000000c   0x0800208c   0x00000004   Data   RW         2052    .data               system_stm32f4xx.o
    0x20000010   0x08002090   0x00000004   Data   RW         2363    .data               mc_w.l(stdout.o)
    0x20000014        -       0x00000098   Zero   RW          160    .bss                main.o
    0x200000ac   0x08002094   0x00000004   PAD
    0x200000b0        -       0x00000400   Zero   RW            1    STACK               startup_stm32f407xx.o


==============================================================================

Image component sizes


      Code (inc. data)   RO Data    RW Data    ZI Data      Debug   Object Name

       732         64          0          0        152       4048   main.o
        36          8        392          0       1024        852   startup_stm32f407xx.o
       180         28          0         12          0       4701   stm32f4xx_hal.o
       228         14          0          0          0      32305   stm32f4xx_hal_cortex.o
        36          0          0          0          0       1251   stm32f4xx_hal_dma.o
       476         50          0          0          0       4321   stm32f4xx_hal_gpio.o
       316         34          0          0          0       2331   stm32f4xx_hal_msp.o
      1272         82          0          0          0       5756   stm32f4xx_hal_rcc.o
      1714          4          0          0          0       9958   stm32f4xx_hal_spi.o
      1068          8          0          0          0       4216   stm32f4xx_hal_uart.o
        46          6          0          0          0       3338   stm32f4xx_it.o
        84         18         24          4          0       1215   system_stm32f4xx.o
       688        196          0          0          0     662727   tdc1011.o

    ----------------------------------------------------------------------
      6888        512        448         16       1180     737019   Object Totals
         0          0         32          0          0          0   (incl. Generated)
        12          0          0          0          4          0   (incl. Padding)

    ----------------------------------------------------------------------

      Code (inc. data)   RO Data    RW Data    ZI Data      Debug   Library Member Name

         0          0          0          0          0          0   entry.o
         0          0          0          0          0          0   entry10a.o
         0          0          0          0          0          0   entry11a.o
         8          4          0          0          0          0   entry2.o
         4          0          0          0          0          0   entry5.o
         0          0          0          0          0          0   entry7b.o
         0          0          0          0          0          0   entry8b.o
         8          4          0          0          0          0   entry9a.o
        30          0          0          0          0          0   handlers.o
        36          8          0          0          0         68   init.o
        30          0          0          0          0         68   llshl.o
        32          0          0          0          0         68   llushr.o
       736         56          0          0          0        184   printf5.o
         0          0          0          4          0          0   stdout.o
        98          0          0          0          0         92   uldiv.o

    ----------------------------------------------------------------------
       984         72          0          4          0        480   Library Totals
         2          0          0          0          0          0   (incl. Padding)

    ----------------------------------------------------------------------

      Code (inc. data)   RO Data    RW Data    ZI Data      Debug   Library Name

       982         72          0          4          0        480   mc_w.l

    ----------------------------------------------------------------------
       984         72          0          4          0        480   Library Totals

    ----------------------------------------------------------------------

==============================================================================


      Code (inc. data)   RO Data    RW Data    ZI Data      Debug   

      7872        584        448         20       1180     732247   Grand Totals
      7872        584        448         20       1180     732247   ELF Image Totals
      7872        584        448         20          0          0   ROM Totals

==============================================================================

    Total RO  Size (Code + RO Data)                 8320 (   8.13kB)
    Total RW  Size (RW Data + ZI Data)              1200 (   1.17kB)
    Total ROM Size (Code + RO Data + RW Data)       8340 (   8.14kB)

==============================================================================

